
> backend@1.0.0 test
> jest authController

  console.log
    [dotenv@17.2.3] injecting env (0) from .env.test -- tip: ≡ƒæÑ sync secrets across teammates & machines: https://dotenvx.com/ops

      at _log (node_modules/dotenv/lib/main.js:142:11)

  console.error
    Error en forgotPassword: Error: Email service error
        at Object.<anonymous> (C:\Users\Pedro\Desktop\clase\StepGuard-IoT-FallDetection\backend\test\authController.spec.ts:187:65)
        at Promise.then.completed (C:\Users\Pedro\Desktop\clase\StepGuard-IoT-FallDetection\backend\node_modules\jest-circus\build\utils.js:298:28)
        at new Promise (<anonymous>)
        at callAsyncCircusFn (C:\Users\Pedro\Desktop\clase\StepGuard-IoT-FallDetection\backend\node_modules\jest-circus\build\utils.js:231:10)
        at _callCircusTest (C:\Users\Pedro\Desktop\clase\StepGuard-IoT-FallDetection\backend\node_modules\jest-circus\build\run.js:316:40)
        at _runTest (C:\Users\Pedro\Desktop\clase\StepGuard-IoT-FallDetection\backend\node_modules\jest-circus\build\run.js:252:3)
        at _runTestsForDescribeBlock (C:\Users\Pedro\Desktop\clase\StepGuard-IoT-FallDetection\backend\node_modules\jest-circus\build\run.js:126:9)
        at _runTestsForDescribeBlock (C:\Users\Pedro\Desktop\clase\StepGuard-IoT-FallDetection\backend\node_modules\jest-circus\build\run.js:121:9)
        at _runTestsForDescribeBlock (C:\Users\Pedro\Desktop\clase\StepGuard-IoT-FallDetection\backend\node_modules\jest-circus\build\run.js:121:9)
        at run (C:\Users\Pedro\Desktop\clase\StepGuard-IoT-FallDetection\backend\node_modules\jest-circus\build\run.js:71:3)
        at runAndTransformResultsToJestFormat (C:\Users\Pedro\Desktop\clase\StepGuard-IoT-FallDetection\backend\node_modules\jest-circus\build\legacy-code-todo-rewrite\jestAdapterInit.js:122:21)
        at jestAdapter (C:\Users\Pedro\Desktop\clase\StepGuard-IoT-FallDetection\backend\node_modules\jest-circus\build\legacy-code-todo-rewrite\jestAdapter.js:79:19)
        at runTestInternal (C:\Users\Pedro\Desktop\clase\StepGuard-IoT-FallDetection\backend\node_modules\jest-runner\build\runTest.js:367:16)
        at runTest (C:\Users\Pedro\Desktop\clase\StepGuard-IoT-FallDetection\backend\node_modules\jest-runner\build\runTest.js:444:34)

    [0m [90m 52 |[39m     res[33m.[39mstatus([35m200[39m)[33m.[39mjson({ message[33m:[39m [32m'Si el correo existe, recibir├ís un enlace de recuperaci├│n.'[39m })[33m;[39m
     [90m 53 |[39m   } [36mcatch[39m (error) {
    [31m[1m>[22m[39m[90m 54 |[39m     console[33m.[39merror([32m'Error en forgotPassword:'[39m[33m,[39m error)[33m;[39m
     [90m    |[39m             [31m[1m^[22m[39m
     [90m 55 |[39m     res[33m.[39mstatus([35m500[39m)[33m.[39mjson({ message[33m:[39m [32m'Error interno del servidor'[39m })[33m;[39m
     [90m 56 |[39m   }
     [90m 57 |[39m }[33m;[39m[0m

      at forgotPassword (src/controllers/authController.ts:54:13)
      at Object.<anonymous> (test/authController.spec.ts:192:7)

  console.error
    Error en forgotPassword: Error: DB error
        at Object.<anonymous> (C:\Users\Pedro\Desktop\clase\StepGuard-IoT-FallDetection\backend\test\authController.spec.ts:199:55)
        at Promise.then.completed (C:\Users\Pedro\Desktop\clase\StepGuard-IoT-FallDetection\backend\node_modules\jest-circus\build\utils.js:298:28)
        at new Promise (<anonymous>)
        at callAsyncCircusFn (C:\Users\Pedro\Desktop\clase\StepGuard-IoT-FallDetection\backend\node_modules\jest-circus\build\utils.js:231:10)
        at _callCircusTest (C:\Users\Pedro\Desktop\clase\StepGuard-IoT-FallDetection\backend\node_modules\jest-circus\build\run.js:316:40)
        at _runTest (C:\Users\Pedro\Desktop\clase\StepGuard-IoT-FallDetection\backend\node_modules\jest-circus\build\run.js:252:3)
        at _runTestsForDescribeBlock (C:\Users\Pedro\Desktop\clase\StepGuard-IoT-FallDetection\backend\node_modules\jest-circus\build\run.js:126:9)
        at _runTestsForDescribeBlock (C:\Users\Pedro\Desktop\clase\StepGuard-IoT-FallDetection\backend\node_modules\jest-circus\build\run.js:121:9)
        at _runTestsForDescribeBlock (C:\Users\Pedro\Desktop\clase\StepGuard-IoT-FallDetection\backend\node_modules\jest-circus\build\run.js:121:9)
        at run (C:\Users\Pedro\Desktop\clase\StepGuard-IoT-FallDetection\backend\node_modules\jest-circus\build\run.js:71:3)
        at runAndTransformResultsToJestFormat (C:\Users\Pedro\Desktop\clase\StepGuard-IoT-FallDetection\backend\node_modules\jest-circus\build\legacy-code-todo-rewrite\jestAdapterInit.js:122:21)
        at jestAdapter (C:\Users\Pedro\Desktop\clase\StepGuard-IoT-FallDetection\backend\node_modules\jest-circus\build\legacy-code-todo-rewrite\jestAdapter.js:79:19)
        at runTestInternal (C:\Users\Pedro\Desktop\clase\StepGuard-IoT-FallDetection\backend\node_modules\jest-runner\build\runTest.js:367:16)
        at runTest (C:\Users\Pedro\Desktop\clase\StepGuard-IoT-FallDetection\backend\node_modules\jest-runner\build\runTest.js:444:34)

    [0m [90m 52 |[39m     res[33m.[39mstatus([35m200[39m)[33m.[39mjson({ message[33m:[39m [32m'Si el correo existe, recibir├ís un enlace de recuperaci├│n.'[39m })[33m;[39m
     [90m 53 |[39m   } [36mcatch[39m (error) {
    [31m[1m>[22m[39m[90m 54 |[39m     console[33m.[39merror([32m'Error en forgotPassword:'[39m[33m,[39m error)[33m;[39m
     [90m    |[39m             [31m[1m^[22m[39m
     [90m 55 |[39m     res[33m.[39mstatus([35m500[39m)[33m.[39mjson({ message[33m:[39m [32m'Error interno del servidor'[39m })[33m;[39m
     [90m 56 |[39m   }
     [90m 57 |[39m }[33m;[39m[0m

      at forgotPassword (src/controllers/authController.ts:54:13)
      at Object.<anonymous> (test/authController.spec.ts:204:7)

  console.error
    Error en resetPassword: Error: DB error
        at Object.<anonymous> (C:\Users\Pedro\Desktop\clase\StepGuard-IoT-FallDetection\backend\test\authController.spec.ts:368:55)
        at Promise.then.completed (C:\Users\Pedro\Desktop\clase\StepGuard-IoT-FallDetection\backend\node_modules\jest-circus\build\utils.js:298:28)
        at new Promise (<anonymous>)
        at callAsyncCircusFn (C:\Users\Pedro\Desktop\clase\StepGuard-IoT-FallDetection\backend\node_modules\jest-circus\build\utils.js:231:10)
        at _callCircusTest (C:\Users\Pedro\Desktop\clase\StepGuard-IoT-FallDetection\backend\node_modules\jest-circus\build\run.js:316:40)
        at _runTest (C:\Users\Pedro\Desktop\clase\StepGuard-IoT-FallDetection\backend\node_modules\jest-circus\build\run.js:252:3)
        at _runTestsForDescribeBlock (C:\Users\Pedro\Desktop\clase\StepGuard-IoT-FallDetection\backend\node_modules\jest-circus\build\run.js:126:9)
        at _runTestsForDescribeBlock (C:\Users\Pedro\Desktop\clase\StepGuard-IoT-FallDetection\backend\node_modules\jest-circus\build\run.js:121:9)
        at _runTestsForDescribeBlock (C:\Users\Pedro\Desktop\clase\StepGuard-IoT-FallDetection\backend\node_modules\jest-circus\build\run.js:121:9)
        at run (C:\Users\Pedro\Desktop\clase\StepGuard-IoT-FallDetection\backend\node_modules\jest-circus\build\run.js:71:3)
        at runAndTransformResultsToJestFormat (C:\Users\Pedro\Desktop\clase\StepGuard-IoT-FallDetection\backend\node_modules\jest-circus\build\legacy-code-todo-rewrite\jestAdapterInit.js:122:21)
        at jestAdapter (C:\Users\Pedro\Desktop\clase\StepGuard-IoT-FallDetection\backend\node_modules\jest-circus\build\legacy-code-todo-rewrite\jestAdapter.js:79:19)
        at runTestInternal (C:\Users\Pedro\Desktop\clase\StepGuard-IoT-FallDetection\backend\node_modules\jest-runner\build\runTest.js:367:16)
        at runTest (C:\Users\Pedro\Desktop\clase\StepGuard-IoT-FallDetection\backend\node_modules\jest-runner\build\runTest.js:444:34)

    [0m [90m 118 |[39m     res[33m.[39mstatus([35m200[39m)[33m.[39mjson({ message[33m:[39m [32m'Contrase├▒a actualizada exitosamente'[39m })[33m;[39m
     [90m 119 |[39m   } [36mcatch[39m (error) {
    [31m[1m>[22m[39m[90m 120 |[39m     console[33m.[39merror([32m'Error en resetPassword:'[39m[33m,[39m error)[33m;[39m
     [90m     |[39m             [31m[1m^[22m[39m
     [90m 121 |[39m     res[33m.[39mstatus([35m500[39m)[33m.[39mjson({ message[33m:[39m [32m'Error interno del servidor'[39m })[33m;[39m
     [90m 122 |[39m   }
     [90m 123 |[39m }[33m;[39m[0m

      at resetPassword (src/controllers/authController.ts:120:13)
      at Object.<anonymous> (test/authController.spec.ts:373:7)

  console.error
    Error en resetPassword: Error: Update failed
        at Object.<anonymous> (C:\Users\Pedro\Desktop\clase\StepGuard-IoT-FallDetection\backend\test\authController.spec.ts:381:58)
        at Promise.then.completed (C:\Users\Pedro\Desktop\clase\StepGuard-IoT-FallDetection\backend\node_modules\jest-circus\build\utils.js:298:28)
        at new Promise (<anonymous>)
        at callAsyncCircusFn (C:\Users\Pedro\Desktop\clase\StepGuard-IoT-FallDetection\backend\node_modules\jest-circus\build\utils.js:231:10)
        at _callCircusTest (C:\Users\Pedro\Desktop\clase\StepGuard-IoT-FallDetection\backend\node_modules\jest-circus\build\run.js:316:40)
        at _runTest (C:\Users\Pedro\Desktop\clase\StepGuard-IoT-FallDetection\backend\node_modules\jest-circus\build\run.js:252:3)
        at _runTestsForDescribeBlock (C:\Users\Pedro\Desktop\clase\StepGuard-IoT-FallDetection\backend\node_modules\jest-circus\build\run.js:126:9)
        at _runTestsForDescribeBlock (C:\Users\Pedro\Desktop\clase\StepGuard-IoT-FallDetection\backend\node_modules\jest-circus\build\run.js:121:9)
        at _runTestsForDescribeBlock (C:\Users\Pedro\Desktop\clase\StepGuard-IoT-FallDetection\backend\node_modules\jest-circus\build\run.js:121:9)
        at run (C:\Users\Pedro\Desktop\clase\StepGuard-IoT-FallDetection\backend\node_modules\jest-circus\build\run.js:71:3)
        at runAndTransformResultsToJestFormat (C:\Users\Pedro\Desktop\clase\StepGuard-IoT-FallDetection\backend\node_modules\jest-circus\build\legacy-code-todo-rewrite\jestAdapterInit.js:122:21)
        at jestAdapter (C:\Users\Pedro\Desktop\clase\StepGuard-IoT-FallDetection\backend\node_modules\jest-circus\build\legacy-code-todo-rewrite\jestAdapter.js:79:19)
        at runTestInternal (C:\Users\Pedro\Desktop\clase\StepGuard-IoT-FallDetection\backend\node_modules\jest-runner\build\runTest.js:367:16)
        at runTest (C:\Users\Pedro\Desktop\clase\StepGuard-IoT-FallDetection\backend\node_modules\jest-runner\build\runTest.js:444:34)

    [0m [90m 118 |[39m     res[33m.[39mstatus([35m200[39m)[33m.[39mjson({ message[33m:[39m [32m'Contrase├▒a actualizada exitosamente'[39m })[33m;[39m
     [90m 119 |[39m   } [36mcatch[39m (error) {
    [31m[1m>[22m[39m[90m 120 |[39m     console[33m.[39merror([32m'Error en resetPassword:'[39m[33m,[39m error)[33m;[39m
     [90m     |[39m             [31m[1m^[22m[39m
     [90m 121 |[39m     res[33m.[39mstatus([35m500[39m)[33m.[39mjson({ message[33m:[39m [32m'Error interno del servidor'[39m })[33m;[39m
     [90m 122 |[39m   }
     [90m 123 |[39m }[33m;[39m[0m

      at resetPassword (src/controllers/authController.ts:120:13)
      at Object.<anonymous> (test/authController.spec.ts:386:7)

node.exe : FAIL test/authController.spec.ts
En línea: 1 Carácter: 1
+ & "C:\Program Files\nodejs/node.exe" "C:\Users\Pedro\AppData\Roaming\ ...
+ ~~~~~~~~~~~~~~~~~~~~~~~~~~~~~~~~~~~~~~~~~~~~~~~~~~~~~~~~~~~~~~~~~~~~~
    + CategoryInfo          : NotSpecified: (FAIL test/authController.spec.ts: 
   String) [], RemoteException
    + FullyQualifiedErrorId : NativeCommandError
 
  authController - forgotPassword
    Validaci├│n de entrada
      ΓêÜ Γ£ô debe responder 400 si falta email (4 ms)
      ΓêÜ Γ£ô debe responder 400 si email est├í vac├¡o (1 ms)
      ΓêÜ Γ£ô debe responder 400 si email es null
    Usuario no encontrado
      ΓêÜ Γ£ô responde 200 si usuario no existe (seguridad)
      ΓêÜ Γ£ô no revela si el email existe (seguridad) (1 ms)
    Usuario encontrado - flujo exitoso
      ΓêÜ Γ£ô env├¡a email si usuario existe (1 ms)
      ΓêÜ Γ£ô genera JWT v├ílido con expiraci├│n correcta (1 ms)
      ΓêÜ Γ£ô construye URL de reset con token
      ΓêÜ Γ£ô usa CORS_ORIGIN para construir URL (1 ms)
    Cuidador encontrado
      ΓêÜ Γ£ô env├¡a reset si cuidador existe
    Manejo de errores
      ΓêÜ Γ£ô maneja errores en emailService gracefully (30 ms)
      ΓêÜ Γ£ô maneja errores en BD gracefully (6 ms)
  authController - resetPassword
    Validaci├│n de entrada
      ΓêÜ Γ£ô debe responder 400 si falta token (2 ms)
      ΓêÜ Γ£ô debe responder 400 si falta password
      ΓêÜ Γ£ô debe responder 400 si ambos par├ímetros faltan (1 ms)
      ΓêÜ Γ£ô debe responder 400 si password est├í vac├¡o
    Validaci├│n de token
      ΓêÜ Γ£ô rechaza token inv├ílido (1 ms)
      ΓêÜ Γ£ô rechaza token expirado
      ΓêÜ Γ£ô rechaza token con prop├│sito incorrecto (1 ms)
    Usuario no encontrado
      ΓêÜ Γ£ô responde 400 si usuario no existe
    Reseteo exitoso
      ├ù Γ£ô actualiza contrase├▒a correctamente (91 ms)
      ΓêÜ Γ£ô retorna usuario sin campo de contrase├▒a (68 ms)
      ├ù Γ£ô resetea contrase├▒a para cuidador (68 ms)
    Manejo de errores
      ΓêÜ Γ£ô maneja errores al buscar usuario (2 ms)
      ΓêÜ Γ£ô maneja errores al actualizar contrase├▒a (69 ms)
    Edge Cases - forgotPassword
      ΓêÜ Γ£ô maneja email con espacios en blanco (1 ms)
      ΓêÜ Γ£ô maneja m├║ltiples usuarios con mismo email (integridad)
      ΓêÜ Γ£ô maneja email muy largo (1 ms)
      ΓêÜ Γ£ô maneja caracteres especiales en email
    Edge Cases - resetPassword
      ΓêÜ Γ£ô maneja contrase├▒a muy larga (86 ms)
      ΓêÜ Γ£ô maneja token con espacios
      ΓêÜ Γ£ô rechaza token con iat en el futuro (67 ms)
      ΓêÜ Γ£ô maneja usuario con m├║ltiples intentos de reset (220 ms)

  ΓùÅ authController - resetPassword ΓÇ║ Reseteo exitoso ΓÇ║ Γ£ô actualiza 
contrase├▒a correctamente

    expect(jest.fn()).toHaveBeenCalledWith(...expected)

    Expected: 1, "NewSecurePass123!"
    Received: 1, "$2b$10$/M4Tk/XiJ1jD9NP4tTPDdOimuOQ29f0CKhhM/RAX4xb6DIMh3Zg62"

    Number of calls: 1

    [0m [90m 329 |[39m       [36mawait[39m resetPassword(req[33m,[39m 
res)[33m;[39m
     [90m 330 |[39m
    [31m[1m>[22m[39m[90m 331 |[39m       expect(mockedUsuario[33m.[39mu
pdatePassword)[33m.[39mtoHaveBeenCalledWith(testUser[33m.[39mid[33m,[39m 
newPassword)[33m;[39m
     [90m     |[39m                                            
[31m[1m^[22m[39m
     [90m 332 |[39m       expectSuccessResponse(res[33m,[39m 
[35m200[39m)[33m;[39m
     [90m 333 |[39m     })[33m;[39m
     [90m 334 |[39m[0m

      at Object.<anonymous> (test/authController.spec.ts:331:44)

  ΓùÅ authController - resetPassword ΓÇ║ Reseteo exitoso ΓÇ║ Γ£ô resetea 
contrase├▒a para cuidador

    expect(jest.fn()).toHaveBeenCalledWith(...expected)

    Expected: 2, "NewSecurePass123!"
    Received: 2, "$2b$10$n/TAA2e9XPUdHPInivGU7esFycMAAponucrzixXuYlKEYegb7Qf8W"

    Number of calls: 1

    [0m [90m 359 |[39m       [36mawait[39m resetPassword(req[33m,[39m 
res)[33m;[39m
     [90m 360 |[39m
    [31m[1m>[22m[39m[90m 361 |[39m       expect(mockedCuidador[33m.[39m
updatePassword)[33m.[39mtoHaveBeenCalledWith(testCuidador[33m.[39mid[33m,
[39m newPassword)[33m;[39m
     [90m     |[39m                                             
[31m[1m^[22m[39m
     [90m 362 |[39m       expectSuccessResponse(res[33m,[39m 
[35m200[39m)[33m;[39m
     [90m 363 |[39m     })[33m;[39m
     [90m 364 |[39m   })[33m;[39m[0m

      at Object.<anonymous> (test/authController.spec.ts:361:45)

Test Suites: 1 failed, 1 total
Tests:       2 failed, 31 passed, 33 total
Snapshots:   0 total
Time:        2.418 s, estimated 3 s
Ran all test suites matching /authController/i.
