
> backend@1.0.0 test
> jest

  console.log
    [dotenv@17.2.3] injecting env (0) from .env.test -- tip: ≡ƒöÉ prevent committing .env to code: https://dotenvx.com/precommit

      at _log (node_modules/dotenv/lib/main.js:142:11)

  console.log
    [dotenv@17.2.3] injecting env (0) from .env.test -- tip: ΓÜÖ∩╕Å  write to custom object with { processEnv: myObject }

      at _log (node_modules/dotenv/lib/main.js:142:11)

  console.log
    [dotenv@17.2.3] injecting env (0) from .env.test -- tip: ≡ƒöÉ prevent committing .env to code: https://dotenvx.com/precommit

      at _log (node_modules/dotenv/lib/main.js:142:11)

  console.error
    Error fetching users: Error: DB error
        at Object.<anonymous> (C:\Users\Pedro\Desktop\clase\StepGuard-IoT-FallDetection\backend\test\userController.spec.ts:141:51)
        at Promise.then.completed (C:\Users\Pedro\Desktop\clase\StepGuard-IoT-FallDetection\backend\node_modules\jest-circus\build\utils.js:298:28)
        at new Promise (<anonymous>)
        at callAsyncCircusFn (C:\Users\Pedro\Desktop\clase\StepGuard-IoT-FallDetection\backend\node_modules\jest-circus\build\utils.js:231:10)
        at _callCircusTest (C:\Users\Pedro\Desktop\clase\StepGuard-IoT-FallDetection\backend\node_modules\jest-circus\build\run.js:316:40)
        at processTicksAndRejections (node:internal/process/task_queues:104:5)
        at _runTest (C:\Users\Pedro\Desktop\clase\StepGuard-IoT-FallDetection\backend\node_modules\jest-circus\build\run.js:252:3)
        at _runTestsForDescribeBlock (C:\Users\Pedro\Desktop\clase\StepGuard-IoT-FallDetection\backend\node_modules\jest-circus\build\run.js:126:9)
        at _runTestsForDescribeBlock (C:\Users\Pedro\Desktop\clase\StepGuard-IoT-FallDetection\backend\node_modules\jest-circus\build\run.js:121:9)
        at _runTestsForDescribeBlock (C:\Users\Pedro\Desktop\clase\StepGuard-IoT-FallDetection\backend\node_modules\jest-circus\build\run.js:121:9)
        at run (C:\Users\Pedro\Desktop\clase\StepGuard-IoT-FallDetection\backend\node_modules\jest-circus\build\run.js:71:3)
        at runAndTransformResultsToJestFormat (C:\Users\Pedro\Desktop\clase\StepGuard-IoT-FallDetection\backend\node_modules\jest-circus\build\legacy-code-todo-rewrite\jestAdapterInit.js:122:21)
        at jestAdapter (C:\Users\Pedro\Desktop\clase\StepGuard-IoT-FallDetection\backend\node_modules\jest-circus\build\legacy-code-todo-rewrite\jestAdapter.js:79:19)
        at runTestInternal (C:\Users\Pedro\Desktop\clase\StepGuard-IoT-FallDetection\backend\node_modules\jest-runner\build\runTest.js:367:16)
        at runTest (C:\Users\Pedro\Desktop\clase\StepGuard-IoT-FallDetection\backend\node_modules\jest-runner\build\runTest.js:444:34)
        at Object.worker (C:\Users\Pedro\Desktop\clase\StepGuard-IoT-FallDetection\backend\node_modules\jest-runner\build\testWorker.js:106:12)

    [0m [90m 28 |[39m     res[33m.[39mjson(allUsers)[33m;[39m
     [90m 29 |[39m   } [36mcatch[39m (error) {
    [31m[1m>[22m[39m[90m 30 |[39m     console[33m.[39merror([32m"Error fetching users:"[39m[33m,[39m error)[33m;[39m
     [90m    |[39m             [31m[1m^[22m[39m
     [90m 31 |[39m     res[33m.[39mstatus([35m500[39m)[33m.[39mjson({ message[33m:[39m [32m"Error fetching users"[39m })[33m;[39m
     [90m 32 |[39m   }
     [90m 33 |[39m }[33m;[39m[0m

      at getUsers (src/controllers/userController.ts:30:13)
      at Object.<anonymous> (test/userController.spec.ts:146:7)

  console.error
    Error fetching users: Error: DB error
        at Object.<anonymous> (C:\Users\Pedro\Desktop\clase\StepGuard-IoT-FallDetection\backend\test\userController.spec.ts:153:52)
        at Promise.then.completed (C:\Users\Pedro\Desktop\clase\StepGuard-IoT-FallDetection\backend\node_modules\jest-circus\build\utils.js:298:28)
        at new Promise (<anonymous>)
        at callAsyncCircusFn (C:\Users\Pedro\Desktop\clase\StepGuard-IoT-FallDetection\backend\node_modules\jest-circus\build\utils.js:231:10)
        at _callCircusTest (C:\Users\Pedro\Desktop\clase\StepGuard-IoT-FallDetection\backend\node_modules\jest-circus\build\run.js:316:40)
        at processTicksAndRejections (node:internal/process/task_queues:104:5)
        at _runTest (C:\Users\Pedro\Desktop\clase\StepGuard-IoT-FallDetection\backend\node_modules\jest-circus\build\run.js:252:3)
        at _runTestsForDescribeBlock (C:\Users\Pedro\Desktop\clase\StepGuard-IoT-FallDetection\backend\node_modules\jest-circus\build\run.js:126:9)
        at _runTestsForDescribeBlock (C:\Users\Pedro\Desktop\clase\StepGuard-IoT-FallDetection\backend\node_modules\jest-circus\build\run.js:121:9)
        at _runTestsForDescribeBlock (C:\Users\Pedro\Desktop\clase\StepGuard-IoT-FallDetection\backend\node_modules\jest-circus\build\run.js:121:9)
        at run (C:\Users\Pedro\Desktop\clase\StepGuard-IoT-FallDetection\backend\node_modules\jest-circus\build\run.js:71:3)
        at runAndTransformResultsToJestFormat (C:\Users\Pedro\Desktop\clase\StepGuard-IoT-FallDetection\backend\node_modules\jest-circus\build\legacy-code-todo-rewrite\jestAdapterInit.js:122:21)
        at jestAdapter (C:\Users\Pedro\Desktop\clase\StepGuard-IoT-FallDetection\backend\node_modules\jest-circus\build\legacy-code-todo-rewrite\jestAdapter.js:79:19)
        at runTestInternal (C:\Users\Pedro\Desktop\clase\StepGuard-IoT-FallDetection\backend\node_modules\jest-runner\build\runTest.js:367:16)
        at runTest (C:\Users\Pedro\Desktop\clase\StepGuard-IoT-FallDetection\backend\node_modules\jest-runner\build\runTest.js:444:34)
        at Object.worker (C:\Users\Pedro\Desktop\clase\StepGuard-IoT-FallDetection\backend\node_modules\jest-runner\build\testWorker.js:106:12)

    [0m [90m 28 |[39m     res[33m.[39mjson(allUsers)[33m;[39m
     [90m 29 |[39m   } [36mcatch[39m (error) {
    [31m[1m>[22m[39m[90m 30 |[39m     console[33m.[39merror([32m"Error fetching users:"[39m[33m,[39m error)[33m;[39m
     [90m    |[39m             [31m[1m^[22m[39m
     [90m 31 |[39m     res[33m.[39mstatus([35m500[39m)[33m.[39mjson({ message[33m:[39m [32m"Error fetching users"[39m })[33m;[39m
     [90m 32 |[39m   }
     [90m 33 |[39m }[33m;[39m[0m

      at getUsers (src/controllers/userController.ts:30:13)
      at Object.<anonymous> (test/userController.spec.ts:158:7)

  console.error
    Error fetching user details: Error: Connection lost
        at Object.<anonymous> (C:\Users\Pedro\Desktop\clase\StepGuard-IoT-FallDetection\backend\test\userController.spec.ts:319:62)
        at Promise.then.completed (C:\Users\Pedro\Desktop\clase\StepGuard-IoT-FallDetection\backend\node_modules\jest-circus\build\utils.js:298:28)
        at new Promise (<anonymous>)
        at callAsyncCircusFn (C:\Users\Pedro\Desktop\clase\StepGuard-IoT-FallDetection\backend\node_modules\jest-circus\build\utils.js:231:10)
        at _callCircusTest (C:\Users\Pedro\Desktop\clase\StepGuard-IoT-FallDetection\backend\node_modules\jest-circus\build\run.js:316:40)
        at processTicksAndRejections (node:internal/process/task_queues:104:5)
        at _runTest (C:\Users\Pedro\Desktop\clase\StepGuard-IoT-FallDetection\backend\node_modules\jest-circus\build\run.js:252:3)
        at _runTestsForDescribeBlock (C:\Users\Pedro\Desktop\clase\StepGuard-IoT-FallDetection\backend\node_modules\jest-circus\build\run.js:126:9)
        at _runTestsForDescribeBlock (C:\Users\Pedro\Desktop\clase\StepGuard-IoT-FallDetection\backend\node_modules\jest-circus\build\run.js:121:9)
        at _runTestsForDescribeBlock (C:\Users\Pedro\Desktop\clase\StepGuard-IoT-FallDetection\backend\node_modules\jest-circus\build\run.js:121:9)
        at run (C:\Users\Pedro\Desktop\clase\StepGuard-IoT-FallDetection\backend\node_modules\jest-circus\build\run.js:71:3)
        at runAndTransformResultsToJestFormat (C:\Users\Pedro\Desktop\clase\StepGuard-IoT-FallDetection\backend\node_modules\jest-circus\build\legacy-code-todo-rewrite\jestAdapterInit.js:122:21)
        at jestAdapter (C:\Users\Pedro\Desktop\clase\StepGuard-IoT-FallDetection\backend\node_modules\jest-circus\build\legacy-code-todo-rewrite\jestAdapter.js:79:19)
        at runTestInternal (C:\Users\Pedro\Desktop\clase\StepGuard-IoT-FallDetection\backend\node_modules\jest-runner\build\runTest.js:367:16)
        at runTest (C:\Users\Pedro\Desktop\clase\StepGuard-IoT-FallDetection\backend\node_modules\jest-runner\build\runTest.js:444:34)
        at Object.worker (C:\Users\Pedro\Desktop\clase\StepGuard-IoT-FallDetection\backend\node_modules\jest-runner\build\testWorker.js:106:12)

    [0m [90m 66 |[39m     res[33m.[39mjson(response)[33m;[39m
     [90m 67 |[39m   } [36mcatch[39m (error) {
    [31m[1m>[22m[39m[90m 68 |[39m     console[33m.[39merror([32m"Error fetching user details:"[39m[33m,[39m error)[33m;[39m
     [90m    |[39m             [31m[1m^[22m[39m
     [90m 69 |[39m     res[33m.[39mstatus([35m500[39m)[33m.[39mjson({ message[33m:[39m [32m"Error fetching user details"[39m })[33m;[39m
     [90m 70 |[39m   }
     [90m 71 |[39m }[33m;[39m[0m

      at getUserById (src/controllers/userController.ts:68:13)
      at Object.<anonymous> (test/userController.spec.ts:324:7)

  console.error
    Error fetching user details: Error: Unexpected error
        at Object.<anonymous> (C:\Users\Pedro\Desktop\clase\StepGuard-IoT-FallDetection\backend\test\userController.spec.ts:330:62)
        at Promise.then.completed (C:\Users\Pedro\Desktop\clase\StepGuard-IoT-FallDetection\backend\node_modules\jest-circus\build\utils.js:298:28)
        at new Promise (<anonymous>)
        at callAsyncCircusFn (C:\Users\Pedro\Desktop\clase\StepGuard-IoT-FallDetection\backend\node_modules\jest-circus\build\utils.js:231:10)
        at _callCircusTest (C:\Users\Pedro\Desktop\clase\StepGuard-IoT-FallDetection\backend\node_modules\jest-circus\build\run.js:316:40)
        at processTicksAndRejections (node:internal/process/task_queues:104:5)
        at _runTest (C:\Users\Pedro\Desktop\clase\StepGuard-IoT-FallDetection\backend\node_modules\jest-circus\build\run.js:252:3)
        at _runTestsForDescribeBlock (C:\Users\Pedro\Desktop\clase\StepGuard-IoT-FallDetection\backend\node_modules\jest-circus\build\run.js:126:9)
        at _runTestsForDescribeBlock (C:\Users\Pedro\Desktop\clase\StepGuard-IoT-FallDetection\backend\node_modules\jest-circus\build\run.js:121:9)
        at _runTestsForDescribeBlock (C:\Users\Pedro\Desktop\clase\StepGuard-IoT-FallDetection\backend\node_modules\jest-circus\build\run.js:121:9)
        at run (C:\Users\Pedro\Desktop\clase\StepGuard-IoT-FallDetection\backend\node_modules\jest-circus\build\run.js:71:3)
        at runAndTransformResultsToJestFormat (C:\Users\Pedro\Desktop\clase\StepGuard-IoT-FallDetection\backend\node_modules\jest-circus\build\legacy-code-todo-rewrite\jestAdapterInit.js:122:21)
        at jestAdapter (C:\Users\Pedro\Desktop\clase\StepGuard-IoT-FallDetection\backend\node_modules\jest-circus\build\legacy-code-todo-rewrite\jestAdapter.js:79:19)
        at runTestInternal (C:\Users\Pedro\Desktop\clase\StepGuard-IoT-FallDetection\backend\node_modules\jest-runner\build\runTest.js:367:16)
        at runTest (C:\Users\Pedro\Desktop\clase\StepGuard-IoT-FallDetection\backend\node_modules\jest-runner\build\runTest.js:444:34)
        at Object.worker (C:\Users\Pedro\Desktop\clase\StepGuard-IoT-FallDetection\backend\node_modules\jest-runner\build\testWorker.js:106:12)

    [0m [90m 66 |[39m     res[33m.[39mjson(response)[33m;[39m
     [90m 67 |[39m   } [36mcatch[39m (error) {
    [31m[1m>[22m[39m[90m 68 |[39m     console[33m.[39merror([32m"Error fetching user details:"[39m[33m,[39m error)[33m;[39m
     [90m    |[39m             [31m[1m^[22m[39m
     [90m 69 |[39m     res[33m.[39mstatus([35m500[39m)[33m.[39mjson({ message[33m:[39m [32m"Error fetching user details"[39m })[33m;[39m
     [90m 70 |[39m   }
     [90m 71 |[39m }[33m;[39m[0m

      at getUserById (src/controllers/userController.ts:68:13)
      at Object.<anonymous> (test/userController.spec.ts:335:7)

  console.error
    Error en forgotPassword: Error: Email service error
        at Object.<anonymous> (C:\Users\Pedro\Desktop\clase\StepGuard-IoT-FallDetection\backend\test\authController.spec.ts:187:65)
        at Promise.then.completed (C:\Users\Pedro\Desktop\clase\StepGuard-IoT-FallDetection\backend\node_modules\jest-circus\build\utils.js:298:28)
        at new Promise (<anonymous>)
        at callAsyncCircusFn (C:\Users\Pedro\Desktop\clase\StepGuard-IoT-FallDetection\backend\node_modules\jest-circus\build\utils.js:231:10)
        at _callCircusTest (C:\Users\Pedro\Desktop\clase\StepGuard-IoT-FallDetection\backend\node_modules\jest-circus\build\run.js:316:40)
        at processTicksAndRejections (node:internal/process/task_queues:104:5)
        at _runTest (C:\Users\Pedro\Desktop\clase\StepGuard-IoT-FallDetection\backend\node_modules\jest-circus\build\run.js:252:3)
        at _runTestsForDescribeBlock (C:\Users\Pedro\Desktop\clase\StepGuard-IoT-FallDetection\backend\node_modules\jest-circus\build\run.js:126:9)
        at _runTestsForDescribeBlock (C:\Users\Pedro\Desktop\clase\StepGuard-IoT-FallDetection\backend\node_modules\jest-circus\build\run.js:121:9)
        at _runTestsForDescribeBlock (C:\Users\Pedro\Desktop\clase\StepGuard-IoT-FallDetection\backend\node_modules\jest-circus\build\run.js:121:9)
        at run (C:\Users\Pedro\Desktop\clase\StepGuard-IoT-FallDetection\backend\node_modules\jest-circus\build\run.js:71:3)
        at runAndTransformResultsToJestFormat (C:\Users\Pedro\Desktop\clase\StepGuard-IoT-FallDetection\backend\node_modules\jest-circus\build\legacy-code-todo-rewrite\jestAdapterInit.js:122:21)
        at jestAdapter (C:\Users\Pedro\Desktop\clase\StepGuard-IoT-FallDetection\backend\node_modules\jest-circus\build\legacy-code-todo-rewrite\jestAdapter.js:79:19)
        at runTestInternal (C:\Users\Pedro\Desktop\clase\StepGuard-IoT-FallDetection\backend\node_modules\jest-runner\build\runTest.js:367:16)
        at runTest (C:\Users\Pedro\Desktop\clase\StepGuard-IoT-FallDetection\backend\node_modules\jest-runner\build\runTest.js:444:34)
        at Object.worker (C:\Users\Pedro\Desktop\clase\StepGuard-IoT-FallDetection\backend\node_modules\jest-runner\build\testWorker.js:106:12)

    [0m [90m 52 |[39m     res[33m.[39mstatus([35m200[39m)[33m.[39mjson({ message[33m:[39m [32m'Si el correo existe, recibir├ís un enlace de recuperaci├│n.'[39m })[33m;[39m
     [90m 53 |[39m   } [36mcatch[39m (error) {
    [31m[1m>[22m[39m[90m 54 |[39m     console[33m.[39merror([32m'Error en forgotPassword:'[39m[33m,[39m error)[33m;[39m
     [90m    |[39m             [31m[1m^[22m[39m
     [90m 55 |[39m     res[33m.[39mstatus([35m500[39m)[33m.[39mjson({ message[33m:[39m [32m'Error interno del servidor'[39m })[33m;[39m
     [90m 56 |[39m   }
     [90m 57 |[39m }[33m;[39m[0m

      at forgotPassword (src/controllers/authController.ts:54:13)
      at Object.<anonymous> (test/authController.spec.ts:192:7)

  console.error
    Error fetching users: Error: Query timeout
        at Object.<anonymous> (C:\Users\Pedro\Desktop\clase\StepGuard-IoT-FallDetection\backend\test\userController.spec.ts:540:28)
        at Promise.then.completed (C:\Users\Pedro\Desktop\clase\StepGuard-IoT-FallDetection\backend\node_modules\jest-circus\build\utils.js:298:28)
        at new Promise (<anonymous>)
        at callAsyncCircusFn (C:\Users\Pedro\Desktop\clase\StepGuard-IoT-FallDetection\backend\node_modules\jest-circus\build\utils.js:231:10)
        at _callCircusTest (C:\Users\Pedro\Desktop\clase\StepGuard-IoT-FallDetection\backend\node_modules\jest-circus\build\run.js:316:40)
        at processTicksAndRejections (node:internal/process/task_queues:104:5)
        at _runTest (C:\Users\Pedro\Desktop\clase\StepGuard-IoT-FallDetection\backend\node_modules\jest-circus\build\run.js:252:3)
        at _runTestsForDescribeBlock (C:\Users\Pedro\Desktop\clase\StepGuard-IoT-FallDetection\backend\node_modules\jest-circus\build\run.js:126:9)
        at _runTestsForDescribeBlock (C:\Users\Pedro\Desktop\clase\StepGuard-IoT-FallDetection\backend\node_modules\jest-circus\build\run.js:121:9)
        at _runTestsForDescribeBlock (C:\Users\Pedro\Desktop\clase\StepGuard-IoT-FallDetection\backend\node_modules\jest-circus\build\run.js:121:9)
        at run (C:\Users\Pedro\Desktop\clase\StepGuard-IoT-FallDetection\backend\node_modules\jest-circus\build\run.js:71:3)
        at runAndTransformResultsToJestFormat (C:\Users\Pedro\Desktop\clase\StepGuard-IoT-FallDetection\backend\node_modules\jest-circus\build\legacy-code-todo-rewrite\jestAdapterInit.js:122:21)
        at jestAdapter (C:\Users\Pedro\Desktop\clase\StepGuard-IoT-FallDetection\backend\node_modules\jest-circus\build\legacy-code-todo-rewrite\jestAdapter.js:79:19)
        at runTestInternal (C:\Users\Pedro\Desktop\clase\StepGuard-IoT-FallDetection\backend\node_modules\jest-runner\build\runTest.js:367:16)
        at runTest (C:\Users\Pedro\Desktop\clase\StepGuard-IoT-FallDetection\backend\node_modules\jest-runner\build\runTest.js:444:34)
        at Object.worker (C:\Users\Pedro\Desktop\clase\StepGuard-IoT-FallDetection\backend\node_modules\jest-runner\build\testWorker.js:106:12)

    [0m [90m 28 |[39m     res[33m.[39mjson(allUsers)[33m;[39m
     [90m 29 |[39m   } [36mcatch[39m (error) {
    [31m[1m>[22m[39m[90m 30 |[39m     console[33m.[39merror([32m"Error fetching users:"[39m[33m,[39m error)[33m;[39m
     [90m    |[39m             [31m[1m^[22m[39m
     [90m 31 |[39m     res[33m.[39mstatus([35m500[39m)[33m.[39mjson({ message[33m:[39m [32m"Error fetching users"[39m })[33m;[39m
     [90m 32 |[39m   }
     [90m 33 |[39m }[33m;[39m[0m

      at getUsers (src/controllers/userController.ts:30:13)
      at Object.<anonymous> (test/userController.spec.ts:547:7)

  console.error
    Error en forgotPassword: Error: DB error
        at Object.<anonymous> (C:\Users\Pedro\Desktop\clase\StepGuard-IoT-FallDetection\backend\test\authController.spec.ts:199:55)
        at Promise.then.completed (C:\Users\Pedro\Desktop\clase\StepGuard-IoT-FallDetection\backend\node_modules\jest-circus\build\utils.js:298:28)
        at new Promise (<anonymous>)
        at callAsyncCircusFn (C:\Users\Pedro\Desktop\clase\StepGuard-IoT-FallDetection\backend\node_modules\jest-circus\build\utils.js:231:10)
        at _callCircusTest (C:\Users\Pedro\Desktop\clase\StepGuard-IoT-FallDetection\backend\node_modules\jest-circus\build\run.js:316:40)
        at processTicksAndRejections (node:internal/process/task_queues:104:5)
        at _runTest (C:\Users\Pedro\Desktop\clase\StepGuard-IoT-FallDetection\backend\node_modules\jest-circus\build\run.js:252:3)
        at _runTestsForDescribeBlock (C:\Users\Pedro\Desktop\clase\StepGuard-IoT-FallDetection\backend\node_modules\jest-circus\build\run.js:126:9)
        at _runTestsForDescribeBlock (C:\Users\Pedro\Desktop\clase\StepGuard-IoT-FallDetection\backend\node_modules\jest-circus\build\run.js:121:9)
        at _runTestsForDescribeBlock (C:\Users\Pedro\Desktop\clase\StepGuard-IoT-FallDetection\backend\node_modules\jest-circus\build\run.js:121:9)
        at run (C:\Users\Pedro\Desktop\clase\StepGuard-IoT-FallDetection\backend\node_modules\jest-circus\build\run.js:71:3)
        at runAndTransformResultsToJestFormat (C:\Users\Pedro\Desktop\clase\StepGuard-IoT-FallDetection\backend\node_modules\jest-circus\build\legacy-code-todo-rewrite\jestAdapterInit.js:122:21)
        at jestAdapter (C:\Users\Pedro\Desktop\clase\StepGuard-IoT-FallDetection\backend\node_modules\jest-circus\build\legacy-code-todo-rewrite\jestAdapter.js:79:19)
        at runTestInternal (C:\Users\Pedro\Desktop\clase\StepGuard-IoT-FallDetection\backend\node_modules\jest-runner\build\runTest.js:367:16)
        at runTest (C:\Users\Pedro\Desktop\clase\StepGuard-IoT-FallDetection\backend\node_modules\jest-runner\build\runTest.js:444:34)
        at Object.worker (C:\Users\Pedro\Desktop\clase\StepGuard-IoT-FallDetection\backend\node_modules\jest-runner\build\testWorker.js:106:12)

    [0m [90m 52 |[39m     res[33m.[39mstatus([35m200[39m)[33m.[39mjson({ message[33m:[39m [32m'Si el correo existe, recibir├ís un enlace de recuperaci├│n.'[39m })[33m;[39m
     [90m 53 |[39m   } [36mcatch[39m (error) {
    [31m[1m>[22m[39m[90m 54 |[39m     console[33m.[39merror([32m'Error en forgotPassword:'[39m[33m,[39m error)[33m;[39m
     [90m    |[39m             [31m[1m^[22m[39m
     [90m 55 |[39m     res[33m.[39mstatus([35m500[39m)[33m.[39mjson({ message[33m:[39m [32m'Error interno del servidor'[39m })[33m;[39m
     [90m 56 |[39m   }
     [90m 57 |[39m }[33m;[39m[0m

      at forgotPassword (src/controllers/authController.ts:54:13)
      at Object.<anonymous> (test/authController.spec.ts:204:7)

node.exe : FAIL test/userController.spec.ts
En línea: 1 Carácter: 1
+ & "C:\Program Files\nodejs/node.exe" "C:\Users\Pedro\AppData\Roaming\ ...
+ ~~~~~~~~~~~~~~~~~~~~~~~~~~~~~~~~~~~~~~~~~~~~~~~~~~~~~~~~~~~~~~~~~~~~~
    + CategoryInfo          : NotSpecified: (FAIL test/userController.spec.ts: 
   String) [], RemoteException
    + FullyQualifiedErrorId : NativeCommandError
 
  userController - getUsers
    Obtener todos los usuarios
      ΓêÜ Γ£ô retorna array vac├¡o cuando no hay usuarios (6 ms)
      ΓêÜ Γ£ô retorna lista de usuarios sin contrase├▒a (1 ms)
      ├ù Γ£ô retorna lista de cuidadores sin contrase├▒a (3 ms)
      ΓêÜ Γ£ô combina usuarios y cuidadores correctamente (1 ms)
      ΓêÜ Γ£ô a├▒ade propiedad role a cada usuario
      ΓêÜ Γ£ô distingue cuidadores admin de regulares (1 ms)
    Manejo de errores
      ΓêÜ Γ£ô maneja error al obtener usuarios (10 ms)
      ΓêÜ Γ£ô maneja error al obtener cuidadores (3 ms)
  userController - getUserById
    Validaci├│n de entrada
      ΓêÜ Γ£ô rechaza si ID no es v├ílido
      ΓêÜ Γ£ô rechaza si ID est├í faltando
    Usuario no encontrado
      ΓêÜ Γ£ô retorna 404 si usuario no existe (1 ms)
      ΓêÜ Γ£ô no revela informaci├│n del usuario al retornar 404
    Usuario encontrado sin dispositivo
      ΓêÜ Γ£ô retorna usuario sin dispositivo cuando no tiene asociado
      ΓêÜ Γ£ô retorna usuario sin campo de contrase├▒a
    Usuario encontrado con dispositivo
      ΓêÜ Γ£ô retorna usuario con dispositivo
      ├ù Γ£ô estructura correcta del dispositivo en respuesta (2 ms)
      ├ù Γ£ô maneja dispositivo con campos opcionales (1 ms)
    Manejo de errores
      ΓêÜ Γ£ô maneja error de BD gracefully (2 ms)
      ΓêÜ Γ£ô retorna error 500 en caso de excepci├│n inesperada (3 ms)
    Conversi├│n de tipos
      ΓêÜ Γ£ô parsea ID como n├║mero desde string
      ΓêÜ Γ£ô maneja ID negativo correctamente
    Edge Cases - Filtrado y B├║squeda
      ΓêÜ Γ£ô maneja lista muy grande de usuarios (1000+) (1 ms)
      ΓêÜ Γ£ô filtra usuarios con caracteres especiales en nombre
      ├ù Γ£ô maneja usuarios sin dispositivos asociados
      ΓêÜ Γ£ô ordena usuarios por ID de forma consistente (1 ms)
      ΓêÜ Γ£ô maneja email duplicado (no deber├¡a ocurrir pero verifica)
    Edge Cases - getUserById
      ΓêÜ Γ£ô rechaza ID vac├¡o o undefined (1 ms)
      ΓêÜ Γ£ô maneja ID con espacios en blanco
      ΓêÜ Γ£ô maneja ID muy grande (overflow)
      ΓêÜ Γ£ô retorna usuario con informaci├│n de dispositivo relacionada
      ΓêÜ Γ£ô maneja usuario con dispositivo vac├¡o o corrupto (1 ms)
    Edge Cases - Manejo de Errores Avanzados
      ΓêÜ Γ£ô captura timeout de base de datos (1 ms)
      ΓêÜ Γ£ô maneja excepci├│n en conversi├│n de tipo (1 ms)
      ΓêÜ Γ£ô valida estructura de respuesta (no incluye contrase├▒a)

  ΓùÅ userController - getUsers ΓÇ║ Obtener todos los usuarios ΓÇ║ Γ£ô retorna 
lista de cuidadores sin contrase├▒a

    expect(received).toBe(expected) // Object.is equality

    Expected: "caregiver"
    Received: "admin"

    [0m [90m 81 |[39m       response[33m.[39mforEach((user[33m:[39m 
any) [33m=>[39m {
     [90m 82 |[39m         
expect(user[33m.[39mpassword_hash)[33m.[39mtoBeUndefined()[33m;[39m
    [31m[1m>[22m[39m[90m 83 |[39m         
expect(user[33m.[39mrole)[33m.[39mtoBe([32m'caregiver'[39m)[33m;[39m
     [90m    |[39m                           [31m[1m^[22m[39m
     [90m 84 |[39m       })[33m;[39m
     [90m 85 |[39m     })[33m;[39m
     [90m 86 |[39m[0m

      at test/userController.spec.ts:83:27
          at Array.forEach (<anonymous>)
      at Object.<anonymous> (test/userController.spec.ts:81:16)

  ΓùÅ userController - getUserById ΓÇ║ Usuario encontrado con dispositivo ΓÇ║ 
Γ£ô estructura correcta del dispositivo en respuesta

    expect(received).toEqual(expected) // deep equality

    Expected: {"estado": "on", "mac_address": "esp32-001", "nombre": "ESP32 
Device", "total_impactos": 85}
    Received: null

    [0m [90m 286 |[39m
     [90m 287 |[39m       [36mconst[39m response [33m=[39m 
expectSuccessResponse(res[33m,[39m [35m200[39m)[33m;[39m
    [31m[1m>[22m[39m[90m 288 |[39m       
expect(response[33m.[39mdispositivo)[33m.[39mtoEqual({
     [90m     |[39m                                    [31m[1m^[22m[39m
     [90m 289 |[39m         mac_address[33m:[39m 
[32m'esp32-001'[39m[33m,[39m
     [90m 290 |[39m         nombre[33m:[39m [32m'ESP32 
Device'[39m[33m,[39m
     [90m 291 |[39m         estado[33m:[39m [32m'on'[39m[33m,[39m[0m

      at Object.<anonymous> (test/userController.spec.ts:288:36)

  ΓùÅ userController - getUserById ΓÇ║ Usuario encontrado con dispositivo ΓÇ║ 
Γ£ô maneja dispositivo con campos opcionales

    TypeError: Cannot read properties of null (reading 'total_impactos')

    [0m [90m 311 |[39m
     [90m 312 |[39m       [36mconst[39m response [33m=[39m 
expectSuccessResponse(res[33m,[39m [35m200[39m)[33m;[39m
    [31m[1m>[22m[39m[90m 313 |[39m       expect(response[33m.[39mdispos
itivo[33m.[39mtotal_impactos)[33m.[39mtoBeNull()[33m;[39m
     [90m     |[39m                                   [31m[1m^[22m[39m
     [90m 314 |[39m     })[33m;[39m
     [90m 315 |[39m   })[33m;[39m
     [90m 316 |[39m[0m

      at Object.<anonymous> (test/userController.spec.ts:313:35)

  ΓùÅ userController - getUserById ΓÇ║ Edge Cases - Filtrado y B├║squeda ΓÇ║ 
Γ£ô maneja usuarios sin dispositivos asociados

    expect(received).toBeDefined()

    Received: undefined

    [0m [90m 419 |[39m
     [90m 420 |[39m       [36mconst[39m response [33m=[39m 
expectSuccessResponse(res[33m,[39m [35m200[39m)[33m;[39m
    [31m[1m>[22m[39m[90m 421 |[39m       expect(response[[35m0[39m][33
m.[39mdispositivo)[33m.[39mtoBeDefined()[33m;[39m
     [90m     |[39m                                       
[31m[1m^[22m[39m
     [90m 422 |[39m     })[33m;[39m
     [90m 423 |[39m
     [90m 424 |[39m     test([32m'Γ£ô ordena usuarios por ID de forma 
consistente'[39m[33m,[39m [36masync[39m () [33m=>[39m {[0m

      at Object.<anonymous> (test/userController.spec.ts:421:39)

  console.error
    Error en query: AggregateError: 
        at C:\Users\Pedro\Desktop\clase\StepGuard-IoT-FallDetection\backend\node_modules\pg-pool\index.js:45:11
        at processTicksAndRejections (node:internal/process/task_queues:104:5)
        at query (C:\Users\Pedro\Desktop\clase\StepGuard-IoT-FallDetection\backend\src\config\database.ts:36:17)
        at Object.create (C:\Users\Pedro\Desktop\clase\StepGuard-IoT-FallDetection\backend\src\models\dispositivo.ts:21:20)
        at registerUsuario (C:\Users\Pedro\Desktop\clase\StepGuard-IoT-FallDetection\backend\src\controllers\registerController.ts:74:9)
        at Object.<anonymous> (C:\Users\Pedro\Desktop\clase\StepGuard-IoT-FallDetection\backend\test\registerController.spec.ts:93:7) {
      code: 'ECONNREFUSED',
      [errors]: [
        Error: connect ECONNREFUSED ::1:5432
            at createConnectionError (node:net:1754:14)
            at afterConnectMultiple (node:net:1784:16) {
          errno: -4078,
          code: 'ECONNREFUSED',
          syscall: 'connect',
          address: '::1',
          port: 5432
        },
        Error: connect ECONNREFUSED 127.0.0.1:5432
            at createConnectionError (node:net:1754:14)
            at afterConnectMultiple (node:net:1784:16) {
          errno: -4078,
          code: 'ECONNREFUSED',
          syscall: 'connect',
          address: '127.0.0.1',
          port: 5432
        }
      ]
    }

    [0m [90m 39 |[39m     [36mreturn[39m res[33m;[39m
     [90m 40 |[39m   } [36mcatch[39m (error) {
    [31m[1m>[22m[39m[90m 41 |[39m     console[33m.[39merror([32m'Error en query:'[39m[33m,[39m error)[33m;[39m
     [90m    |[39m             [31m[1m^[22m[39m
     [90m 42 |[39m     [36mthrow[39m error[33m;[39m
     [90m 43 |[39m   }
     [90m 44 |[39m }[33m;[39m[0m

      at query (src/config/database.ts:41:13)
      at Object.create (src/models/dispositivo.ts:21:20)
      at registerUsuario (src/controllers/registerController.ts:74:9)
      at Object.<anonymous> (test/registerController.spec.ts:93:7)

  console.error
    Error creando dispositivo autom├ítico: AggregateError: 
        at C:\Users\Pedro\Desktop\clase\StepGuard-IoT-FallDetection\backend\node_modules\pg-pool\index.js:45:11
        at processTicksAndRejections (node:internal/process/task_queues:104:5)
        at query (C:\Users\Pedro\Desktop\clase\StepGuard-IoT-FallDetection\backend\src\config\database.ts:36:17)
        at Object.create (C:\Users\Pedro\Desktop\clase\StepGuard-IoT-FallDetection\backend\src\models\dispositivo.ts:21:20)
        at registerUsuario (C:\Users\Pedro\Desktop\clase\StepGuard-IoT-FallDetection\backend\src\controllers\registerController.ts:74:9)
        at Object.<anonymous> (C:\Users\Pedro\Desktop\clase\StepGuard-IoT-FallDetection\backend\test\registerController.spec.ts:93:7) {
      code: 'ECONNREFUSED',
      [errors]: [
        Error: connect ECONNREFUSED ::1:5432
            at createConnectionError (node:net:1754:14)
            at afterConnectMultiple (node:net:1784:16) {
          errno: -4078,
          code: 'ECONNREFUSED',
          syscall: 'connect',
          address: '::1',
          port: 5432
        },
        Error: connect ECONNREFUSED 127.0.0.1:5432
            at createConnectionError (node:net:1754:14)
            at afterConnectMultiple (node:net:1784:16) {
          errno: -4078,
          code: 'ECONNREFUSED',
          syscall: 'connect',
          address: '127.0.0.1',
          port: 5432
        }
      ]
    }

    [0m [90m 78 |[39m         macAddressAssigned [33m=[39m randomMac[33m;[39m
     [90m 79 |[39m       } [36mcatch[39m (devError) {
    [31m[1m>[22m[39m[90m 80 |[39m         console[33m.[39merror([32m"Error creando dispositivo autom├ítico:"[39m[33m,[39m devError)[33m;[39m
     [90m    |[39m                 [31m[1m^[22m[39m
     [90m 81 |[39m         [90m// Si falla, seguimos sin dispositivo[39m
     [90m 82 |[39m       }
     [90m 83 |[39m     }[0m

      at registerUsuario (src/controllers/registerController.ts:80:17)
      at Object.<anonymous> (test/registerController.spec.ts:93:7)

  console.error
    Γ¥î Error registering user: TypeError: Cannot read properties of undefined (reading 'id')
        at registerUsuario (C:\Users\Pedro\Desktop\clase\StepGuard-IoT-FallDetection\backend\src\controllers\registerController.ts:96:53)
        at processTicksAndRejections (node:internal/process/task_queues:104:5)
        at Object.<anonymous> (C:\Users\Pedro\Desktop\clase\StepGuard-IoT-FallDetection\backend\test\registerController.spec.ts:93:7)

    [0m [90m 119 |[39m     })[33m;[39m
     [90m 120 |[39m   } [36mcatch[39m (error[33m:[39m any) {
    [31m[1m>[22m[39m[90m 121 |[39m     console[33m.[39merror([32m"Γ¥î Error registering user:"[39m[33m,[39m error)[33m;[39m
     [90m     |[39m             [31m[1m^[22m[39m
     [90m 122 |[39m     console[33m.[39merror([32m"Stack trace:"[39m[33m,[39m error[33m.[39mstack)[33m;[39m
     [90m 123 |[39m     res[33m.[39mstatus([35m500[39m)[33m.[39mjson({ message[33m:[39m [32m"Server error"[39m[33m,[39m error[33m:[39m error[33m.[39mmessage })[33m;[39m
     [90m 124 |[39m   }[0m

      at registerUsuario (src/controllers/registerController.ts:121:13)
      at Object.<anonymous> (test/registerController.spec.ts:93:7)

  console.error
    Stack trace: TypeError: Cannot read properties of undefined (reading 'id')
        at registerUsuario (C:\Users\Pedro\Desktop\clase\StepGuard-IoT-FallDetection\backend\src\controllers\registerController.ts:96:53)
        at processTicksAndRejections (node:internal/process/task_queues:104:5)
        at Object.<anonymous> (C:\Users\Pedro\Desktop\clase\StepGuard-IoT-FallDetection\backend\test\registerController.spec.ts:93:7)

    [0m [90m 120 |[39m   } [36mcatch[39m (error[33m:[39m any) {
     [90m 121 |[39m     console[33m.[39merror([32m"Γ¥î Error registering user:"[39m[33m,[39m error)[33m;[39m
    [31m[1m>[22m[39m[90m 122 |[39m     console[33m.[39merror([32m"Stack trace:"[39m[33m,[39m error[33m.[39mstack)[33m;[39m
     [90m     |[39m             [31m[1m^[22m[39m
     [90m 123 |[39m     res[33m.[39mstatus([35m500[39m)[33m.[39mjson({ message[33m:[39m [32m"Server error"[39m[33m,[39m error[33m:[39m error[33m.[39mmessage })[33m;[39m
     [90m 124 |[39m   }
     [90m 125 |[39m }[33m;[39m[0m

      at registerUsuario (src/controllers/registerController.ts:122:13)
      at Object.<anonymous> (test/registerController.spec.ts:93:7)

  console.error
    Error en query: AggregateError: 
        at C:\Users\Pedro\Desktop\clase\StepGuard-IoT-FallDetection\backend\node_modules\pg-pool\index.js:45:11
        at processTicksAndRejections (node:internal/process/task_queues:104:5)
        at query (C:\Users\Pedro\Desktop\clase\StepGuard-IoT-FallDetection\backend\src\config\database.ts:36:17)
        at Object.create (C:\Users\Pedro\Desktop\clase\StepGuard-IoT-FallDetection\backend\src\models\dispositivo.ts:21:20)
        at registerUsuario (C:\Users\Pedro\Desktop\clase\StepGuard-IoT-FallDetection\backend\src\controllers\registerController.ts:74:9)
        at Object.<anonymous> (C:\Users\Pedro\Desktop\clase\StepGuard-IoT-FallDetection\backend\test\registerController.spec.ts:103:7) {
      code: 'ECONNREFUSED',
      [errors]: [
        Error: connect ECONNREFUSED ::1:5432
            at createConnectionError (node:net:1754:14)
            at afterConnectMultiple (node:net:1784:16) {
          errno: -4078,
          code: 'ECONNREFUSED',
          syscall: 'connect',
          address: '::1',
          port: 5432
        },
        Error: connect ECONNREFUSED 127.0.0.1:5432
            at createConnectionError (node:net:1754:14)
            at afterConnectMultiple (node:net:1784:16) {
          errno: -4078,
          code: 'ECONNREFUSED',
          syscall: 'connect',
          address: '127.0.0.1',
          port: 5432
        }
      ]
    }

    [0m [90m 39 |[39m     [36mreturn[39m res[33m;[39m
     [90m 40 |[39m   } [36mcatch[39m (error) {
    [31m[1m>[22m[39m[90m 41 |[39m     console[33m.[39merror([32m'Error en query:'[39m[33m,[39m error)[33m;[39m
     [90m    |[39m             [31m[1m^[22m[39m
     [90m 42 |[39m     [36mthrow[39m error[33m;[39m
     [90m 43 |[39m   }
     [90m 44 |[39m }[33m;[39m[0m

      at query (src/config/database.ts:41:13)
      at Object.create (src/models/dispositivo.ts:21:20)
      at registerUsuario (src/controllers/registerController.ts:74:9)
      at Object.<anonymous> (test/registerController.spec.ts:103:7)

  console.error
    Error creando dispositivo autom├ítico: AggregateError: 
        at C:\Users\Pedro\Desktop\clase\StepGuard-IoT-FallDetection\backend\node_modules\pg-pool\index.js:45:11
        at processTicksAndRejections (node:internal/process/task_queues:104:5)
        at query (C:\Users\Pedro\Desktop\clase\StepGuard-IoT-FallDetection\backend\src\config\database.ts:36:17)
        at Object.create (C:\Users\Pedro\Desktop\clase\StepGuard-IoT-FallDetection\backend\src\models\dispositivo.ts:21:20)
        at registerUsuario (C:\Users\Pedro\Desktop\clase\StepGuard-IoT-FallDetection\backend\src\controllers\registerController.ts:74:9)
        at Object.<anonymous> (C:\Users\Pedro\Desktop\clase\StepGuard-IoT-FallDetection\backend\test\registerController.spec.ts:103:7) {
      code: 'ECONNREFUSED',
      [errors]: [
        Error: connect ECONNREFUSED ::1:5432
            at createConnectionError (node:net:1754:14)
            at afterConnectMultiple (node:net:1784:16) {
          errno: -4078,
          code: 'ECONNREFUSED',
          syscall: 'connect',
          address: '::1',
          port: 5432
        },
        Error: connect ECONNREFUSED 127.0.0.1:5432
            at createConnectionError (node:net:1754:14)
            at afterConnectMultiple (node:net:1784:16) {
          errno: -4078,
          code: 'ECONNREFUSED',
          syscall: 'connect',
          address: '127.0.0.1',
          port: 5432
        }
      ]
    }

    [0m [90m 78 |[39m         macAddressAssigned [33m=[39m randomMac[33m;[39m
     [90m 79 |[39m       } [36mcatch[39m (devError) {
    [31m[1m>[22m[39m[90m 80 |[39m         console[33m.[39merror([32m"Error creando dispositivo autom├ítico:"[39m[33m,[39m devError)[33m;[39m
     [90m    |[39m                 [31m[1m^[22m[39m
     [90m 81 |[39m         [90m// Si falla, seguimos sin dispositivo[39m
     [90m 82 |[39m       }
     [90m 83 |[39m     }[0m

      at registerUsuario (src/controllers/registerController.ts:80:17)
      at Object.<anonymous> (test/registerController.spec.ts:103:7)

  console.error
    Γ¥î Error registering user: TypeError: Cannot read properties of undefined (reading 'id')
        at registerUsuario (C:\Users\Pedro\Desktop\clase\StepGuard-IoT-FallDetection\backend\src\controllers\registerController.ts:96:53)
        at processTicksAndRejections (node:internal/process/task_queues:104:5)
        at Object.<anonymous> (C:\Users\Pedro\Desktop\clase\StepGuard-IoT-FallDetection\backend\test\registerController.spec.ts:103:7)

    [0m [90m 119 |[39m     })[33m;[39m
     [90m 120 |[39m   } [36mcatch[39m (error[33m:[39m any) {
    [31m[1m>[22m[39m[90m 121 |[39m     console[33m.[39merror([32m"Γ¥î Error registering user:"[39m[33m,[39m error)[33m;[39m
     [90m     |[39m             [31m[1m^[22m[39m
     [90m 122 |[39m     console[33m.[39merror([32m"Stack trace:"[39m[33m,[39m error[33m.[39mstack)[33m;[39m
     [90m 123 |[39m     res[33m.[39mstatus([35m500[39m)[33m.[39mjson({ message[33m:[39m [32m"Server error"[39m[33m,[39m error[33m:[39m error[33m.[39mmessage })[33m;[39m
     [90m 124 |[39m   }[0m

      at registerUsuario (src/controllers/registerController.ts:121:13)
      at Object.<anonymous> (test/registerController.spec.ts:103:7)

  console.error
    Stack trace: TypeError: Cannot read properties of undefined (reading 'id')
        at registerUsuario (C:\Users\Pedro\Desktop\clase\StepGuard-IoT-FallDetection\backend\src\controllers\registerController.ts:96:53)
        at processTicksAndRejections (node:internal/process/task_queues:104:5)
        at Object.<anonymous> (C:\Users\Pedro\Desktop\clase\StepGuard-IoT-FallDetection\backend\test\registerController.spec.ts:103:7)

    [0m [90m 120 |[39m   } [36mcatch[39m (error[33m:[39m any) {
     [90m 121 |[39m     console[33m.[39merror([32m"Γ¥î Error registering user:"[39m[33m,[39m error)[33m;[39m
    [31m[1m>[22m[39m[90m 122 |[39m     console[33m.[39merror([32m"Stack trace:"[39m[33m,[39m error[33m.[39mstack)[33m;[39m
     [90m     |[39m             [31m[1m^[22m[39m
     [90m 123 |[39m     res[33m.[39mstatus([35m500[39m)[33m.[39mjson({ message[33m:[39m [32m"Server error"[39m[33m,[39m error[33m:[39m error[33m.[39mmessage })[33m;[39m
     [90m 124 |[39m   }
     [90m 125 |[39m }[33m;[39m[0m

      at registerUsuario (src/controllers/registerController.ts:122:13)
      at Object.<anonymous> (test/registerController.spec.ts:103:7)

  console.error
    Error en resetPassword: Error: DB error
        at Object.<anonymous> (C:\Users\Pedro\Desktop\clase\StepGuard-IoT-FallDetection\backend\test\authController.spec.ts:368:55)
        at Promise.then.completed (C:\Users\Pedro\Desktop\clase\StepGuard-IoT-FallDetection\backend\node_modules\jest-circus\build\utils.js:298:28)
        at new Promise (<anonymous>)
        at callAsyncCircusFn (C:\Users\Pedro\Desktop\clase\StepGuard-IoT-FallDetection\backend\node_modules\jest-circus\build\utils.js:231:10)
        at _callCircusTest (C:\Users\Pedro\Desktop\clase\StepGuard-IoT-FallDetection\backend\node_modules\jest-circus\build\run.js:316:40)
        at _runTest (C:\Users\Pedro\Desktop\clase\StepGuard-IoT-FallDetection\backend\node_modules\jest-circus\build\run.js:252:3)
        at _runTestsForDescribeBlock (C:\Users\Pedro\Desktop\clase\StepGuard-IoT-FallDetection\backend\node_modules\jest-circus\build\run.js:126:9)
        at _runTestsForDescribeBlock (C:\Users\Pedro\Desktop\clase\StepGuard-IoT-FallDetection\backend\node_modules\jest-circus\build\run.js:121:9)
        at _runTestsForDescribeBlock (C:\Users\Pedro\Desktop\clase\StepGuard-IoT-FallDetection\backend\node_modules\jest-circus\build\run.js:121:9)
        at run (C:\Users\Pedro\Desktop\clase\StepGuard-IoT-FallDetection\backend\node_modules\jest-circus\build\run.js:71:3)
        at runAndTransformResultsToJestFormat (C:\Users\Pedro\Desktop\clase\StepGuard-IoT-FallDetection\backend\node_modules\jest-circus\build\legacy-code-todo-rewrite\jestAdapterInit.js:122:21)
        at jestAdapter (C:\Users\Pedro\Desktop\clase\StepGuard-IoT-FallDetection\backend\node_modules\jest-circus\build\legacy-code-todo-rewrite\jestAdapter.js:79:19)
        at runTestInternal (C:\Users\Pedro\Desktop\clase\StepGuard-IoT-FallDetection\backend\node_modules\jest-runner\build\runTest.js:367:16)
        at runTest (C:\Users\Pedro\Desktop\clase\StepGuard-IoT-FallDetection\backend\node_modules\jest-runner\build\runTest.js:444:34)
        at Object.worker (C:\Users\Pedro\Desktop\clase\StepGuard-IoT-FallDetection\backend\node_modules\jest-runner\build\testWorker.js:106:12)

    [0m [90m 118 |[39m     res[33m.[39mstatus([35m200[39m)[33m.[39mjson({ message[33m:[39m [32m'Contrase├▒a actualizada exitosamente'[39m })[33m;[39m
     [90m 119 |[39m   } [36mcatch[39m (error) {
    [31m[1m>[22m[39m[90m 120 |[39m     console[33m.[39merror([32m'Error en resetPassword:'[39m[33m,[39m error)[33m;[39m
     [90m     |[39m             [31m[1m^[22m[39m
     [90m 121 |[39m     res[33m.[39mstatus([35m500[39m)[33m.[39mjson({ message[33m:[39m [32m'Error interno del servidor'[39m })[33m;[39m
     [90m 122 |[39m   }
     [90m 123 |[39m }[33m;[39m[0m

      at resetPassword (src/controllers/authController.ts:120:13)
      at Object.<anonymous> (test/authController.spec.ts:373:7)

  console.error
    Error en query: AggregateError: 
        at C:\Users\Pedro\Desktop\clase\StepGuard-IoT-FallDetection\backend\node_modules\pg-pool\index.js:45:11
        at processTicksAndRejections (node:internal/process/task_queues:104:5)
        at query (C:\Users\Pedro\Desktop\clase\StepGuard-IoT-FallDetection\backend\src\config\database.ts:36:17)
        at Object.create (C:\Users\Pedro\Desktop\clase\StepGuard-IoT-FallDetection\backend\src\models\dispositivo.ts:21:20)
        at registerUsuario (C:\Users\Pedro\Desktop\clase\StepGuard-IoT-FallDetection\backend\src\controllers\registerController.ts:74:9)
        at Object.<anonymous> (C:\Users\Pedro\Desktop\clase\StepGuard-IoT-FallDetection\backend\test\registerController.spec.ts:131:7) {
      code: 'ECONNREFUSED',
      [errors]: [
        Error: connect ECONNREFUSED ::1:5432
            at createConnectionError (node:net:1754:14)
            at afterConnectMultiple (node:net:1784:16) {
          errno: -4078,
          code: 'ECONNREFUSED',
          syscall: 'connect',
          address: '::1',
          port: 5432
        },
        Error: connect ECONNREFUSED 127.0.0.1:5432
            at createConnectionError (node:net:1754:14)
            at afterConnectMultiple (node:net:1784:16) {
          errno: -4078,
          code: 'ECONNREFUSED',
          syscall: 'connect',
          address: '127.0.0.1',
          port: 5432
        }
      ]
    }

    [0m [90m 39 |[39m     [36mreturn[39m res[33m;[39m
     [90m 40 |[39m   } [36mcatch[39m (error) {
    [31m[1m>[22m[39m[90m 41 |[39m     console[33m.[39merror([32m'Error en query:'[39m[33m,[39m error)[33m;[39m
     [90m    |[39m             [31m[1m^[22m[39m
     [90m 42 |[39m     [36mthrow[39m error[33m;[39m
     [90m 43 |[39m   }
     [90m 44 |[39m }[33m;[39m[0m

      at query (src/config/database.ts:41:13)
      at Object.create (src/models/dispositivo.ts:21:20)
      at registerUsuario (src/controllers/registerController.ts:74:9)
      at Object.<anonymous> (test/registerController.spec.ts:131:7)

  console.error
    Error creando dispositivo autom├ítico: AggregateError: 
        at C:\Users\Pedro\Desktop\clase\StepGuard-IoT-FallDetection\backend\node_modules\pg-pool\index.js:45:11
        at processTicksAndRejections (node:internal/process/task_queues:104:5)
        at query (C:\Users\Pedro\Desktop\clase\StepGuard-IoT-FallDetection\backend\src\config\database.ts:36:17)
        at Object.create (C:\Users\Pedro\Desktop\clase\StepGuard-IoT-FallDetection\backend\src\models\dispositivo.ts:21:20)
        at registerUsuario (C:\Users\Pedro\Desktop\clase\StepGuard-IoT-FallDetection\backend\src\controllers\registerController.ts:74:9)
        at Object.<anonymous> (C:\Users\Pedro\Desktop\clase\StepGuard-IoT-FallDetection\backend\test\registerController.spec.ts:131:7) {
      code: 'ECONNREFUSED',
      [errors]: [
        Error: connect ECONNREFUSED ::1:5432
            at createConnectionError (node:net:1754:14)
            at afterConnectMultiple (node:net:1784:16) {
          errno: -4078,
          code: 'ECONNREFUSED',
          syscall: 'connect',
          address: '::1',
          port: 5432
        },
        Error: connect ECONNREFUSED 127.0.0.1:5432
            at createConnectionError (node:net:1754:14)
            at afterConnectMultiple (node:net:1784:16) {
          errno: -4078,
          code: 'ECONNREFUSED',
          syscall: 'connect',
          address: '127.0.0.1',
          port: 5432
        }
      ]
    }

    [0m [90m 78 |[39m         macAddressAssigned [33m=[39m randomMac[33m;[39m
     [90m 79 |[39m       } [36mcatch[39m (devError) {
    [31m[1m>[22m[39m[90m 80 |[39m         console[33m.[39merror([32m"Error creando dispositivo autom├ítico:"[39m[33m,[39m devError)[33m;[39m
     [90m    |[39m                 [31m[1m^[22m[39m
     [90m 81 |[39m         [90m// Si falla, seguimos sin dispositivo[39m
     [90m 82 |[39m       }
     [90m 83 |[39m     }[0m

      at registerUsuario (src/controllers/registerController.ts:80:17)
      at Object.<anonymous> (test/registerController.spec.ts:131:7)

  console.error
    Error en resetPassword: Error: Update failed
        at Object.<anonymous> (C:\Users\Pedro\Desktop\clase\StepGuard-IoT-FallDetection\backend\test\authController.spec.ts:381:58)
        at Promise.then.completed (C:\Users\Pedro\Desktop\clase\StepGuard-IoT-FallDetection\backend\node_modules\jest-circus\build\utils.js:298:28)
        at new Promise (<anonymous>)
        at callAsyncCircusFn (C:\Users\Pedro\Desktop\clase\StepGuard-IoT-FallDetection\backend\node_modules\jest-circus\build\utils.js:231:10)
        at _callCircusTest (C:\Users\Pedro\Desktop\clase\StepGuard-IoT-FallDetection\backend\node_modules\jest-circus\build\run.js:316:40)
        at _runTest (C:\Users\Pedro\Desktop\clase\StepGuard-IoT-FallDetection\backend\node_modules\jest-circus\build\run.js:252:3)
        at _runTestsForDescribeBlock (C:\Users\Pedro\Desktop\clase\StepGuard-IoT-FallDetection\backend\node_modules\jest-circus\build\run.js:126:9)
        at _runTestsForDescribeBlock (C:\Users\Pedro\Desktop\clase\StepGuard-IoT-FallDetection\backend\node_modules\jest-circus\build\run.js:121:9)
        at _runTestsForDescribeBlock (C:\Users\Pedro\Desktop\clase\StepGuard-IoT-FallDetection\backend\node_modules\jest-circus\build\run.js:121:9)
        at run (C:\Users\Pedro\Desktop\clase\StepGuard-IoT-FallDetection\backend\node_modules\jest-circus\build\run.js:71:3)
        at runAndTransformResultsToJestFormat (C:\Users\Pedro\Desktop\clase\StepGuard-IoT-FallDetection\backend\node_modules\jest-circus\build\legacy-code-todo-rewrite\jestAdapterInit.js:122:21)
        at jestAdapter (C:\Users\Pedro\Desktop\clase\StepGuard-IoT-FallDetection\backend\node_modules\jest-circus\build\legacy-code-todo-rewrite\jestAdapter.js:79:19)
        at runTestInternal (C:\Users\Pedro\Desktop\clase\StepGuard-IoT-FallDetection\backend\node_modules\jest-runner\build\runTest.js:367:16)
        at runTest (C:\Users\Pedro\Desktop\clase\StepGuard-IoT-FallDetection\backend\node_modules\jest-runner\build\runTest.js:444:34)
        at Object.worker (C:\Users\Pedro\Desktop\clase\StepGuard-IoT-FallDetection\backend\node_modules\jest-runner\build\testWorker.js:106:12)

    [0m [90m 118 |[39m     res[33m.[39mstatus([35m200[39m)[33m.[39mjson({ message[33m:[39m [32m'Contrase├▒a actualizada exitosamente'[39m })[33m;[39m
     [90m 119 |[39m   } [36mcatch[39m (error) {
    [31m[1m>[22m[39m[90m 120 |[39m     console[33m.[39merror([32m'Error en resetPassword:'[39m[33m,[39m error)[33m;[39m
     [90m     |[39m             [31m[1m^[22m[39m
     [90m 121 |[39m     res[33m.[39mstatus([35m500[39m)[33m.[39mjson({ message[33m:[39m [32m'Error interno del servidor'[39m })[33m;[39m
     [90m 122 |[39m   }
     [90m 123 |[39m }[33m;[39m[0m

      at resetPassword (src/controllers/authController.ts:120:13)
      at Object.<anonymous> (test/authController.spec.ts:386:7)

  console.error
    Error en query: AggregateError: 
        at C:\Users\Pedro\Desktop\clase\StepGuard-IoT-FallDetection\backend\node_modules\pg-pool\index.js:45:11
        at processTicksAndRejections (node:internal/process/task_queues:104:5)
        at query (C:\Users\Pedro\Desktop\clase\StepGuard-IoT-FallDetection\backend\src\config\database.ts:36:17)
        at Object.create (C:\Users\Pedro\Desktop\clase\StepGuard-IoT-FallDetection\backend\src\models\dispositivo.ts:21:20)
        at registerUsuario (C:\Users\Pedro\Desktop\clase\StepGuard-IoT-FallDetection\backend\src\controllers\registerController.ts:74:9)
        at Object.<anonymous> (C:\Users\Pedro\Desktop\clase\StepGuard-IoT-FallDetection\backend\test\registerController.spec.ts:148:7) {
      code: 'ECONNREFUSED',
      [errors]: [
        Error: connect ECONNREFUSED ::1:5432
            at createConnectionError (node:net:1754:14)
            at afterConnectMultiple (node:net:1784:16) {
          errno: -4078,
          code: 'ECONNREFUSED',
          syscall: 'connect',
          address: '::1',
          port: 5432
        },
        Error: connect ECONNREFUSED 127.0.0.1:5432
            at createConnectionError (node:net:1754:14)
            at afterConnectMultiple (node:net:1784:16) {
          errno: -4078,
          code: 'ECONNREFUSED',
          syscall: 'connect',
          address: '127.0.0.1',
          port: 5432
        }
      ]
    }

    [0m [90m 39 |[39m     [36mreturn[39m res[33m;[39m
     [90m 40 |[39m   } [36mcatch[39m (error) {
    [31m[1m>[22m[39m[90m 41 |[39m     console[33m.[39merror([32m'Error en query:'[39m[33m,[39m error)[33m;[39m
     [90m    |[39m             [31m[1m^[22m[39m
     [90m 42 |[39m     [36mthrow[39m error[33m;[39m
     [90m 43 |[39m   }
     [90m 44 |[39m }[33m;[39m[0m

      at query (src/config/database.ts:41:13)
      at Object.create (src/models/dispositivo.ts:21:20)
      at registerUsuario (src/controllers/registerController.ts:74:9)
      at Object.<anonymous> (test/registerController.spec.ts:148:7)

  console.error
    Error creando dispositivo autom├ítico: AggregateError: 
        at C:\Users\Pedro\Desktop\clase\StepGuard-IoT-FallDetection\backend\node_modules\pg-pool\index.js:45:11
        at processTicksAndRejections (node:internal/process/task_queues:104:5)
        at query (C:\Users\Pedro\Desktop\clase\StepGuard-IoT-FallDetection\backend\src\config\database.ts:36:17)
        at Object.create (C:\Users\Pedro\Desktop\clase\StepGuard-IoT-FallDetection\backend\src\models\dispositivo.ts:21:20)
        at registerUsuario (C:\Users\Pedro\Desktop\clase\StepGuard-IoT-FallDetection\backend\src\controllers\registerController.ts:74:9)
        at Object.<anonymous> (C:\Users\Pedro\Desktop\clase\StepGuard-IoT-FallDetection\backend\test\registerController.spec.ts:148:7) {
      code: 'ECONNREFUSED',
      [errors]: [
        Error: connect ECONNREFUSED ::1:5432
            at createConnectionError (node:net:1754:14)
            at afterConnectMultiple (node:net:1784:16) {
          errno: -4078,
          code: 'ECONNREFUSED',
          syscall: 'connect',
          address: '::1',
          port: 5432
        },
        Error: connect ECONNREFUSED 127.0.0.1:5432
            at createConnectionError (node:net:1754:14)
            at afterConnectMultiple (node:net:1784:16) {
          errno: -4078,
          code: 'ECONNREFUSED',
          syscall: 'connect',
          address: '127.0.0.1',
          port: 5432
        }
      ]
    }

    [0m [90m 78 |[39m         macAddressAssigned [33m=[39m randomMac[33m;[39m
     [90m 79 |[39m       } [36mcatch[39m (devError) {
    [31m[1m>[22m[39m[90m 80 |[39m         console[33m.[39merror([32m"Error creando dispositivo autom├ítico:"[39m[33m,[39m devError)[33m;[39m
     [90m    |[39m                 [31m[1m^[22m[39m
     [90m 81 |[39m         [90m// Si falla, seguimos sin dispositivo[39m
     [90m 82 |[39m       }
     [90m 83 |[39m     }[0m

      at registerUsuario (src/controllers/registerController.ts:80:17)
      at Object.<anonymous> (test/registerController.spec.ts:148:7)

  console.error
    Error en query: AggregateError: 
        at C:\Users\Pedro\Desktop\clase\StepGuard-IoT-FallDetection\backend\node_modules\pg-pool\index.js:45:11
        at processTicksAndRejections (node:internal/process/task_queues:104:5)
        at query (C:\Users\Pedro\Desktop\clase\StepGuard-IoT-FallDetection\backend\src\config\database.ts:36:17)
        at Object.create (C:\Users\Pedro\Desktop\clase\StepGuard-IoT-FallDetection\backend\src\models\dispositivo.ts:21:20)
        at registerUsuario (C:\Users\Pedro\Desktop\clase\StepGuard-IoT-FallDetection\backend\src\controllers\registerController.ts:74:9)
        at Object.<anonymous> (C:\Users\Pedro\Desktop\clase\StepGuard-IoT-FallDetection\backend\test\registerController.spec.ts:167:7) {
      code: 'ECONNREFUSED',
      [errors]: [
        Error: connect ECONNREFUSED ::1:5432
            at createConnectionError (node:net:1754:14)
            at afterConnectMultiple (node:net:1784:16) {
          errno: -4078,
          code: 'ECONNREFUSED',
          syscall: 'connect',
          address: '::1',
          port: 5432
        },
        Error: connect ECONNREFUSED 127.0.0.1:5432
            at createConnectionError (node:net:1754:14)
            at afterConnectMultiple (node:net:1784:16) {
          errno: -4078,
          code: 'ECONNREFUSED',
          syscall: 'connect',
          address: '127.0.0.1',
          port: 5432
        }
      ]
    }

    [0m [90m 39 |[39m     [36mreturn[39m res[33m;[39m
     [90m 40 |[39m   } [36mcatch[39m (error) {
    [31m[1m>[22m[39m[90m 41 |[39m     console[33m.[39merror([32m'Error en query:'[39m[33m,[39m error)[33m;[39m
     [90m    |[39m             [31m[1m^[22m[39m
     [90m 42 |[39m     [36mthrow[39m error[33m;[39m
     [90m 43 |[39m   }
     [90m 44 |[39m }[33m;[39m[0m

      at query (src/config/database.ts:41:13)
      at Object.create (src/models/dispositivo.ts:21:20)
      at registerUsuario (src/controllers/registerController.ts:74:9)
      at Object.<anonymous> (test/registerController.spec.ts:167:7)

  console.error
    Error creando dispositivo autom├ítico: AggregateError: 
        at C:\Users\Pedro\Desktop\clase\StepGuard-IoT-FallDetection\backend\node_modules\pg-pool\index.js:45:11
        at processTicksAndRejections (node:internal/process/task_queues:104:5)
        at query (C:\Users\Pedro\Desktop\clase\StepGuard-IoT-FallDetection\backend\src\config\database.ts:36:17)
        at Object.create (C:\Users\Pedro\Desktop\clase\StepGuard-IoT-FallDetection\backend\src\models\dispositivo.ts:21:20)
        at registerUsuario (C:\Users\Pedro\Desktop\clase\StepGuard-IoT-FallDetection\backend\src\controllers\registerController.ts:74:9)
        at Object.<anonymous> (C:\Users\Pedro\Desktop\clase\StepGuard-IoT-FallDetection\backend\test\registerController.spec.ts:167:7) {
      code: 'ECONNREFUSED',
      [errors]: [
        Error: connect ECONNREFUSED ::1:5432
            at createConnectionError (node:net:1754:14)
            at afterConnectMultiple (node:net:1784:16) {
          errno: -4078,
          code: 'ECONNREFUSED',
          syscall: 'connect',
          address: '::1',
          port: 5432
        },
        Error: connect ECONNREFUSED 127.0.0.1:5432
            at createConnectionError (node:net:1754:14)
            at afterConnectMultiple (node:net:1784:16) {
          errno: -4078,
          code: 'ECONNREFUSED',
          syscall: 'connect',
          address: '127.0.0.1',
          port: 5432
        }
      ]
    }

    [0m [90m 78 |[39m         macAddressAssigned [33m=[39m randomMac[33m;[39m
     [90m 79 |[39m       } [36mcatch[39m (devError) {
    [31m[1m>[22m[39m[90m 80 |[39m         console[33m.[39merror([32m"Error creando dispositivo autom├ítico:"[39m[33m,[39m devError)[33m;[39m
     [90m    |[39m                 [31m[1m^[22m[39m
     [90m 81 |[39m         [90m// Si falla, seguimos sin dispositivo[39m
     [90m 82 |[39m       }
     [90m 83 |[39m     }[0m

      at registerUsuario (src/controllers/registerController.ts:80:17)
      at Object.<anonymous> (test/registerController.spec.ts:167:7)

  console.error
    Error en query: AggregateError: 
        at C:\Users\Pedro\Desktop\clase\StepGuard-IoT-FallDetection\backend\node_modules\pg-pool\index.js:45:11
        at processTicksAndRejections (node:internal/process/task_queues:104:5)
        at query (C:\Users\Pedro\Desktop\clase\StepGuard-IoT-FallDetection\backend\src\config\database.ts:36:17)
        at Object.create (C:\Users\Pedro\Desktop\clase\StepGuard-IoT-FallDetection\backend\src\models\dispositivo.ts:21:20)
        at registerUsuario (C:\Users\Pedro\Desktop\clase\StepGuard-IoT-FallDetection\backend\src\controllers\registerController.ts:74:9)
        at Object.<anonymous> (C:\Users\Pedro\Desktop\clase\StepGuard-IoT-FallDetection\backend\test\registerController.spec.ts:182:7) {
      code: 'ECONNREFUSED',
      [errors]: [
        Error: connect ECONNREFUSED ::1:5432
            at createConnectionError (node:net:1754:14)
            at afterConnectMultiple (node:net:1784:16) {
          errno: -4078,
          code: 'ECONNREFUSED',
          syscall: 'connect',
          address: '::1',
          port: 5432
        },
        Error: connect ECONNREFUSED 127.0.0.1:5432
            at createConnectionError (node:net:1754:14)
            at afterConnectMultiple (node:net:1784:16) {
          errno: -4078,
          code: 'ECONNREFUSED',
          syscall: 'connect',
          address: '127.0.0.1',
          port: 5432
        }
      ]
    }

    [0m [90m 39 |[39m     [36mreturn[39m res[33m;[39m
     [90m 40 |[39m   } [36mcatch[39m (error) {
    [31m[1m>[22m[39m[90m 41 |[39m     console[33m.[39merror([32m'Error en query:'[39m[33m,[39m error)[33m;[39m
     [90m    |[39m             [31m[1m^[22m[39m
     [90m 42 |[39m     [36mthrow[39m error[33m;[39m
     [90m 43 |[39m   }
     [90m 44 |[39m }[33m;[39m[0m

      at query (src/config/database.ts:41:13)
      at Object.create (src/models/dispositivo.ts:21:20)
      at registerUsuario (src/controllers/registerController.ts:74:9)
      at Object.<anonymous> (test/registerController.spec.ts:182:7)

  console.error
    Error creando dispositivo autom├ítico: AggregateError: 
        at C:\Users\Pedro\Desktop\clase\StepGuard-IoT-FallDetection\backend\node_modules\pg-pool\index.js:45:11
        at processTicksAndRejections (node:internal/process/task_queues:104:5)
        at query (C:\Users\Pedro\Desktop\clase\StepGuard-IoT-FallDetection\backend\src\config\database.ts:36:17)
        at Object.create (C:\Users\Pedro\Desktop\clase\StepGuard-IoT-FallDetection\backend\src\models\dispositivo.ts:21:20)
        at registerUsuario (C:\Users\Pedro\Desktop\clase\StepGuard-IoT-FallDetection\backend\src\controllers\registerController.ts:74:9)
        at Object.<anonymous> (C:\Users\Pedro\Desktop\clase\StepGuard-IoT-FallDetection\backend\test\registerController.spec.ts:182:7) {
      code: 'ECONNREFUSED',
      [errors]: [
        Error: connect ECONNREFUSED ::1:5432
            at createConnectionError (node:net:1754:14)
            at afterConnectMultiple (node:net:1784:16) {
          errno: -4078,
          code: 'ECONNREFUSED',
          syscall: 'connect',
          address: '::1',
          port: 5432
        },
        Error: connect ECONNREFUSED 127.0.0.1:5432
            at createConnectionError (node:net:1754:14)
            at afterConnectMultiple (node:net:1784:16) {
          errno: -4078,
          code: 'ECONNREFUSED',
          syscall: 'connect',
          address: '127.0.0.1',
          port: 5432
        }
      ]
    }

    [0m [90m 78 |[39m         macAddressAssigned [33m=[39m randomMac[33m;[39m
     [90m 79 |[39m       } [36mcatch[39m (devError) {
    [31m[1m>[22m[39m[90m 80 |[39m         console[33m.[39merror([32m"Error creando dispositivo autom├ítico:"[39m[33m,[39m devError)[33m;[39m
     [90m    |[39m                 [31m[1m^[22m[39m
     [90m 81 |[39m         [90m// Si falla, seguimos sin dispositivo[39m
     [90m 82 |[39m       }
     [90m 83 |[39m     }[0m

      at registerUsuario (src/controllers/registerController.ts:80:17)
      at Object.<anonymous> (test/registerController.spec.ts:182:7)

  console.error
    Error en query: AggregateError: 
        at C:\Users\Pedro\Desktop\clase\StepGuard-IoT-FallDetection\backend\node_modules\pg-pool\index.js:45:11
        at processTicksAndRejections (node:internal/process/task_queues:104:5)
        at query (C:\Users\Pedro\Desktop\clase\StepGuard-IoT-FallDetection\backend\src\config\database.ts:36:17)
        at Object.create (C:\Users\Pedro\Desktop\clase\StepGuard-IoT-FallDetection\backend\src\models\dispositivo.ts:21:20)
        at registerUsuario (C:\Users\Pedro\Desktop\clase\StepGuard-IoT-FallDetection\backend\src\controllers\registerController.ts:74:9)
        at Object.<anonymous> (C:\Users\Pedro\Desktop\clase\StepGuard-IoT-FallDetection\backend\test\registerController.spec.ts:198:7) {
      code: 'ECONNREFUSED',
      [errors]: [
        Error: connect ECONNREFUSED ::1:5432
            at createConnectionError (node:net:1754:14)
            at afterConnectMultiple (node:net:1784:16) {
          errno: -4078,
          code: 'ECONNREFUSED',
          syscall: 'connect',
          address: '::1',
          port: 5432
        },
        Error: connect ECONNREFUSED 127.0.0.1:5432
            at createConnectionError (node:net:1754:14)
            at afterConnectMultiple (node:net:1784:16) {
          errno: -4078,
          code: 'ECONNREFUSED',
          syscall: 'connect',
          address: '127.0.0.1',
          port: 5432
        }
      ]
    }

    [0m [90m 39 |[39m     [36mreturn[39m res[33m;[39m
     [90m 40 |[39m   } [36mcatch[39m (error) {
    [31m[1m>[22m[39m[90m 41 |[39m     console[33m.[39merror([32m'Error en query:'[39m[33m,[39m error)[33m;[39m
     [90m    |[39m             [31m[1m^[22m[39m
     [90m 42 |[39m     [36mthrow[39m error[33m;[39m
     [90m 43 |[39m   }
     [90m 44 |[39m }[33m;[39m[0m

      at query (src/config/database.ts:41:13)
      at Object.create (src/models/dispositivo.ts:21:20)
      at registerUsuario (src/controllers/registerController.ts:74:9)
      at Object.<anonymous> (test/registerController.spec.ts:198:7)

  console.error
    Error creando dispositivo autom├ítico: AggregateError: 
        at C:\Users\Pedro\Desktop\clase\StepGuard-IoT-FallDetection\backend\node_modules\pg-pool\index.js:45:11
        at processTicksAndRejections (node:internal/process/task_queues:104:5)
        at query (C:\Users\Pedro\Desktop\clase\StepGuard-IoT-FallDetection\backend\src\config\database.ts:36:17)
        at Object.create (C:\Users\Pedro\Desktop\clase\StepGuard-IoT-FallDetection\backend\src\models\dispositivo.ts:21:20)
        at registerUsuario (C:\Users\Pedro\Desktop\clase\StepGuard-IoT-FallDetection\backend\src\controllers\registerController.ts:74:9)
        at Object.<anonymous> (C:\Users\Pedro\Desktop\clase\StepGuard-IoT-FallDetection\backend\test\registerController.spec.ts:198:7) {
      code: 'ECONNREFUSED',
      [errors]: [
        Error: connect ECONNREFUSED ::1:5432
            at createConnectionError (node:net:1754:14)
            at afterConnectMultiple (node:net:1784:16) {
          errno: -4078,
          code: 'ECONNREFUSED',
          syscall: 'connect',
          address: '::1',
          port: 5432
        },
        Error: connect ECONNREFUSED 127.0.0.1:5432
            at createConnectionError (node:net:1754:14)
            at afterConnectMultiple (node:net:1784:16) {
          errno: -4078,
          code: 'ECONNREFUSED',
          syscall: 'connect',
          address: '127.0.0.1',
          port: 5432
        }
      ]
    }

    [0m [90m 78 |[39m         macAddressAssigned [33m=[39m randomMac[33m;[39m
     [90m 79 |[39m       } [36mcatch[39m (devError) {
    [31m[1m>[22m[39m[90m 80 |[39m         console[33m.[39merror([32m"Error creando dispositivo autom├ítico:"[39m[33m,[39m devError)[33m;[39m
     [90m    |[39m                 [31m[1m^[22m[39m
     [90m 81 |[39m         [90m// Si falla, seguimos sin dispositivo[39m
     [90m 82 |[39m       }
     [90m 83 |[39m     }[0m

      at registerUsuario (src/controllers/registerController.ts:80:17)
      at Object.<anonymous> (test/registerController.spec.ts:198:7)

  console.error
    Error en query: AggregateError: 
        at C:\Users\Pedro\Desktop\clase\StepGuard-IoT-FallDetection\backend\node_modules\pg-pool\index.js:45:11
        at processTicksAndRejections (node:internal/process/task_queues:104:5)
        at query (C:\Users\Pedro\Desktop\clase\StepGuard-IoT-FallDetection\backend\src\config\database.ts:36:17)
        at Object.create (C:\Users\Pedro\Desktop\clase\StepGuard-IoT-FallDetection\backend\src\models\dispositivo.ts:21:20)
        at registerUsuario (C:\Users\Pedro\Desktop\clase\StepGuard-IoT-FallDetection\backend\src\controllers\registerController.ts:74:9)
        at Object.<anonymous> (C:\Users\Pedro\Desktop\clase\StepGuard-IoT-FallDetection\backend\test\registerController.spec.ts:212:7) {
      code: 'ECONNREFUSED',
      [errors]: [
        Error: connect ECONNREFUSED ::1:5432
            at createConnectionError (node:net:1754:14)
            at afterConnectMultiple (node:net:1784:16) {
          errno: -4078,
          code: 'ECONNREFUSED',
          syscall: 'connect',
          address: '::1',
          port: 5432
        },
        Error: connect ECONNREFUSED 127.0.0.1:5432
            at createConnectionError (node:net:1754:14)
            at afterConnectMultiple (node:net:1784:16) {
          errno: -4078,
          code: 'ECONNREFUSED',
          syscall: 'connect',
          address: '127.0.0.1',
          port: 5432
        }
      ]
    }

    [0m [90m 39 |[39m     [36mreturn[39m res[33m;[39m
     [90m 40 |[39m   } [36mcatch[39m (error) {
    [31m[1m>[22m[39m[90m 41 |[39m     console[33m.[39merror([32m'Error en query:'[39m[33m,[39m error)[33m;[39m
     [90m    |[39m             [31m[1m^[22m[39m
     [90m 42 |[39m     [36mthrow[39m error[33m;[39m
     [90m 43 |[39m   }
     [90m 44 |[39m }[33m;[39m[0m

      at query (src/config/database.ts:41:13)
      at Object.create (src/models/dispositivo.ts:21:20)
      at registerUsuario (src/controllers/registerController.ts:74:9)
      at Object.<anonymous> (test/registerController.spec.ts:212:7)

  console.error
    Error creando dispositivo autom├ítico: AggregateError: 
        at C:\Users\Pedro\Desktop\clase\StepGuard-IoT-FallDetection\backend\node_modules\pg-pool\index.js:45:11
        at processTicksAndRejections (node:internal/process/task_queues:104:5)
        at query (C:\Users\Pedro\Desktop\clase\StepGuard-IoT-FallDetection\backend\src\config\database.ts:36:17)
        at Object.create (C:\Users\Pedro\Desktop\clase\StepGuard-IoT-FallDetection\backend\src\models\dispositivo.ts:21:20)
        at registerUsuario (C:\Users\Pedro\Desktop\clase\StepGuard-IoT-FallDetection\backend\src\controllers\registerController.ts:74:9)
        at Object.<anonymous> (C:\Users\Pedro\Desktop\clase\StepGuard-IoT-FallDetection\backend\test\registerController.spec.ts:212:7) {
      code: 'ECONNREFUSED',
      [errors]: [
        Error: connect ECONNREFUSED ::1:5432
            at createConnectionError (node:net:1754:14)
            at afterConnectMultiple (node:net:1784:16) {
          errno: -4078,
          code: 'ECONNREFUSED',
          syscall: 'connect',
          address: '::1',
          port: 5432
        },
        Error: connect ECONNREFUSED 127.0.0.1:5432
            at createConnectionError (node:net:1754:14)
            at afterConnectMultiple (node:net:1784:16) {
          errno: -4078,
          code: 'ECONNREFUSED',
          syscall: 'connect',
          address: '127.0.0.1',
          port: 5432
        }
      ]
    }

    [0m [90m 78 |[39m         macAddressAssigned [33m=[39m randomMac[33m;[39m
     [90m 79 |[39m       } [36mcatch[39m (devError) {
    [31m[1m>[22m[39m[90m 80 |[39m         console[33m.[39merror([32m"Error creando dispositivo autom├ítico:"[39m[33m,[39m devError)[33m;[39m
     [90m    |[39m                 [31m[1m^[22m[39m
     [90m 81 |[39m         [90m// Si falla, seguimos sin dispositivo[39m
     [90m 82 |[39m       }
     [90m 83 |[39m     }[0m

      at registerUsuario (src/controllers/registerController.ts:80:17)
      at Object.<anonymous> (test/registerController.spec.ts:212:7)

  console.error
    Γ¥î Error registering user: Error: DB error
        at Object.<anonymous> (C:\Users\Pedro\Desktop\clase\StepGuard-IoT-FallDetection\backend\test\registerController.spec.ts:227:55)
        at Promise.then.completed (C:\Users\Pedro\Desktop\clase\StepGuard-IoT-FallDetection\backend\node_modules\jest-circus\build\utils.js:298:28)
        at new Promise (<anonymous>)
        at callAsyncCircusFn (C:\Users\Pedro\Desktop\clase\StepGuard-IoT-FallDetection\backend\node_modules\jest-circus\build\utils.js:231:10)
        at _callCircusTest (C:\Users\Pedro\Desktop\clase\StepGuard-IoT-FallDetection\backend\node_modules\jest-circus\build\run.js:316:40)
        at processTicksAndRejections (node:internal/process/task_queues:104:5)
        at _runTest (C:\Users\Pedro\Desktop\clase\StepGuard-IoT-FallDetection\backend\node_modules\jest-circus\build\run.js:252:3)
        at _runTestsForDescribeBlock (C:\Users\Pedro\Desktop\clase\StepGuard-IoT-FallDetection\backend\node_modules\jest-circus\build\run.js:126:9)
        at _runTestsForDescribeBlock (C:\Users\Pedro\Desktop\clase\StepGuard-IoT-FallDetection\backend\node_modules\jest-circus\build\run.js:121:9)
        at _runTestsForDescribeBlock (C:\Users\Pedro\Desktop\clase\StepGuard-IoT-FallDetection\backend\node_modules\jest-circus\build\run.js:121:9)
        at run (C:\Users\Pedro\Desktop\clase\StepGuard-IoT-FallDetection\backend\node_modules\jest-circus\build\run.js:71:3)
        at runAndTransformResultsToJestFormat (C:\Users\Pedro\Desktop\clase\StepGuard-IoT-FallDetection\backend\node_modules\jest-circus\build\legacy-code-todo-rewrite\jestAdapterInit.js:122:21)
        at jestAdapter (C:\Users\Pedro\Desktop\clase\StepGuard-IoT-FallDetection\backend\node_modules\jest-circus\build\legacy-code-todo-rewrite\jestAdapter.js:79:19)
        at runTestInternal (C:\Users\Pedro\Desktop\clase\StepGuard-IoT-FallDetection\backend\node_modules\jest-runner\build\runTest.js:367:16)
        at runTest (C:\Users\Pedro\Desktop\clase\StepGuard-IoT-FallDetection\backend\node_modules\jest-runner\build\runTest.js:444:34)
        at Object.worker (C:\Users\Pedro\Desktop\clase\StepGuard-IoT-FallDetection\backend\node_modules\jest-runner\build\testWorker.js:106:12)

    [0m [90m 119 |[39m     })[33m;[39m
     [90m 120 |[39m   } [36mcatch[39m (error[33m:[39m any) {
    [31m[1m>[22m[39m[90m 121 |[39m     console[33m.[39merror([32m"Γ¥î Error registering user:"[39m[33m,[39m error)[33m;[39m
     [90m     |[39m             [31m[1m^[22m[39m
     [90m 122 |[39m     console[33m.[39merror([32m"Stack trace:"[39m[33m,[39m error[33m.[39mstack)[33m;[39m
     [90m 123 |[39m     res[33m.[39mstatus([35m500[39m)[33m.[39mjson({ message[33m:[39m [32m"Server error"[39m[33m,[39m error[33m:[39m error[33m.[39mmessage })[33m;[39m
     [90m 124 |[39m   }[0m

      at registerUsuario (src/controllers/registerController.ts:121:13)
      at Object.<anonymous> (test/registerController.spec.ts:232:7)

  console.error
    Stack trace: Error: DB error
        at Object.<anonymous> (C:\Users\Pedro\Desktop\clase\StepGuard-IoT-FallDetection\backend\test\registerController.spec.ts:227:55)
        at Promise.then.completed (C:\Users\Pedro\Desktop\clase\StepGuard-IoT-FallDetection\backend\node_modules\jest-circus\build\utils.js:298:28)
        at new Promise (<anonymous>)
        at callAsyncCircusFn (C:\Users\Pedro\Desktop\clase\StepGuard-IoT-FallDetection\backend\node_modules\jest-circus\build\utils.js:231:10)
        at _callCircusTest (C:\Users\Pedro\Desktop\clase\StepGuard-IoT-FallDetection\backend\node_modules\jest-circus\build\run.js:316:40)
        at processTicksAndRejections (node:internal/process/task_queues:104:5)
        at _runTest (C:\Users\Pedro\Desktop\clase\StepGuard-IoT-FallDetection\backend\node_modules\jest-circus\build\run.js:252:3)
        at _runTestsForDescribeBlock (C:\Users\Pedro\Desktop\clase\StepGuard-IoT-FallDetection\backend\node_modules\jest-circus\build\run.js:126:9)
        at _runTestsForDescribeBlock (C:\Users\Pedro\Desktop\clase\StepGuard-IoT-FallDetection\backend\node_modules\jest-circus\build\run.js:121:9)
        at _runTestsForDescribeBlock (C:\Users\Pedro\Desktop\clase\StepGuard-IoT-FallDetection\backend\node_modules\jest-circus\build\run.js:121:9)
        at run (C:\Users\Pedro\Desktop\clase\StepGuard-IoT-FallDetection\backend\node_modules\jest-circus\build\run.js:71:3)
        at runAndTransformResultsToJestFormat (C:\Users\Pedro\Desktop\clase\StepGuard-IoT-FallDetection\backend\node_modules\jest-circus\build\legacy-code-todo-rewrite\jestAdapterInit.js:122:21)
        at jestAdapter (C:\Users\Pedro\Desktop\clase\StepGuard-IoT-FallDetection\backend\node_modules\jest-circus\build\legacy-code-todo-rewrite\jestAdapter.js:79:19)
        at runTestInternal (C:\Users\Pedro\Desktop\clase\StepGuard-IoT-FallDetection\backend\node_modules\jest-runner\build\runTest.js:367:16)
        at runTest (C:\Users\Pedro\Desktop\clase\StepGuard-IoT-FallDetection\backend\node_modules\jest-runner\build\runTest.js:444:34)
        at Object.worker (C:\Users\Pedro\Desktop\clase\StepGuard-IoT-FallDetection\backend\node_modules\jest-runner\build\testWorker.js:106:12)

    [0m [90m 120 |[39m   } [36mcatch[39m (error[33m:[39m any) {
     [90m 121 |[39m     console[33m.[39merror([32m"Γ¥î Error registering user:"[39m[33m,[39m error)[33m;[39m
    [31m[1m>[22m[39m[90m 122 |[39m     console[33m.[39merror([32m"Stack trace:"[39m[33m,[39m error[33m.[39mstack)[33m;[39m
     [90m     |[39m             [31m[1m^[22m[39m
     [90m 123 |[39m     res[33m.[39mstatus([35m500[39m)[33m.[39mjson({ message[33m:[39m [32m"Server error"[39m[33m,[39m error[33m:[39m error[33m.[39mmessage })[33m;[39m
     [90m 124 |[39m   }
     [90m 125 |[39m }[33m;[39m[0m

      at registerUsuario (src/controllers/registerController.ts:122:13)
      at Object.<anonymous> (test/registerController.spec.ts:232:7)

PASS test/authController.spec.ts
  authController - forgotPassword
    Validaci├│n de entrada
      ΓêÜ Γ£ô debe responder 400 si falta email (6 ms)
      ΓêÜ Γ£ô debe responder 400 si email est├í vac├¡o
      ΓêÜ Γ£ô debe responder 400 si email es null (1 ms)
    Usuario no encontrado
      ΓêÜ Γ£ô responde 200 si usuario no existe (seguridad) (1 ms)
      ΓêÜ Γ£ô no revela si el email existe (seguridad) (1 ms)
    Usuario encontrado - flujo exitoso
      ΓêÜ Γ£ô env├¡a email si usuario existe (1 ms)
      ΓêÜ Γ£ô genera JWT v├ílido con expiraci├│n correcta (1 ms)
      ΓêÜ Γ£ô construye URL de reset con token
      ΓêÜ Γ£ô usa CORS_ORIGIN para construir URL
    Cuidador encontrado
      ΓêÜ Γ£ô env├¡a reset si cuidador existe (1 ms)
    Manejo de errores
      ΓêÜ Γ£ô maneja errores en emailService gracefully (21 ms)
      ΓêÜ Γ£ô maneja errores en BD gracefully (2 ms)
  authController - resetPassword
    Validaci├│n de entrada
      ΓêÜ Γ£ô debe responder 400 si falta token (1 ms)
      ΓêÜ Γ£ô debe responder 400 si falta password (1 ms)
      ΓêÜ Γ£ô debe responder 400 si ambos par├ímetros faltan
      ΓêÜ Γ£ô debe responder 400 si password est├í vac├¡o (1 ms)
    Validaci├│n de token
      ΓêÜ Γ£ô rechaza token inv├ílido
      ΓêÜ Γ£ô rechaza token expirado (1 ms)
      ΓêÜ Γ£ô rechaza token con prop├│sito incorrecto
    Usuario no encontrado
      ΓêÜ Γ£ô responde 400 si usuario no existe (1 ms)
    Reseteo exitoso
      ΓêÜ Γ£ô actualiza contrase├▒a correctamente (86 ms)
      ΓêÜ Γ£ô retorna usuario sin campo de contrase├▒a (64 ms)
      ΓêÜ Γ£ô resetea contrase├▒a para cuidador (64 ms)
    Manejo de errores
      ΓêÜ Γ£ô maneja errores al buscar usuario (1 ms)
      ΓêÜ Γ£ô maneja errores al actualizar contrase├▒a (65 ms)
    Edge Cases - forgotPassword
      ΓêÜ Γ£ô maneja email con espacios en blanco (1 ms)
      ΓêÜ Γ£ô maneja m├║ltiples usuarios con mismo email (integridad)
      ΓêÜ Γ£ô maneja email muy largo (1 ms)
      ΓêÜ Γ£ô maneja caracteres especiales en email
    Edge Cases - resetPassword
      ΓêÜ Γ£ô maneja contrase├▒a muy larga (64 ms)
      ΓêÜ Γ£ô maneja token con espacios (1 ms)
      ΓêÜ Γ£ô rechaza token con iat en el futuro (63 ms)
      ΓêÜ Γ£ô maneja usuario con m├║ltiples intentos de reset (189 ms)

  console.error
    Error en query: AggregateError: 
        at C:\Users\Pedro\Desktop\clase\StepGuard-IoT-FallDetection\backend\node_modules\pg-pool\index.js:45:11
        at processTicksAndRejections (node:internal/process/task_queues:104:5)
        at query (C:\Users\Pedro\Desktop\clase\StepGuard-IoT-FallDetection\backend\src\config\database.ts:36:17)
        at Object.create (C:\Users\Pedro\Desktop\clase\StepGuard-IoT-FallDetection\backend\src\models\dispositivo.ts:21:20)
        at registerUsuario (C:\Users\Pedro\Desktop\clase\StepGuard-IoT-FallDetection\backend\src\controllers\registerController.ts:74:9)
        at Object.<anonymous> (C:\Users\Pedro\Desktop\clase\StepGuard-IoT-FallDetection\backend\test\registerController.spec.ts:245:7) {
      code: 'ECONNREFUSED',
      [errors]: [
        Error: connect ECONNREFUSED ::1:5432
            at createConnectionError (node:net:1754:14)
            at afterConnectMultiple (node:net:1784:16) {
          errno: -4078,
          code: 'ECONNREFUSED',
          syscall: 'connect',
          address: '::1',
          port: 5432
        },
        Error: connect ECONNREFUSED 127.0.0.1:5432
            at createConnectionError (node:net:1754:14)
            at afterConnectMultiple (node:net:1784:16) {
          errno: -4078,
          code: 'ECONNREFUSED',
          syscall: 'connect',
          address: '127.0.0.1',
          port: 5432
        }
      ]
    }

    [0m [90m 39 |[39m     [36mreturn[39m res[33m;[39m
     [90m 40 |[39m   } [36mcatch[39m (error) {
    [31m[1m>[22m[39m[90m 41 |[39m     console[33m.[39merror([32m'Error en query:'[39m[33m,[39m error)[33m;[39m
     [90m    |[39m             [31m[1m^[22m[39m
     [90m 42 |[39m     [36mthrow[39m error[33m;[39m
     [90m 43 |[39m   }
     [90m 44 |[39m }[33m;[39m[0m

      at query (src/config/database.ts:41:13)
      at Object.create (src/models/dispositivo.ts:21:20)
      at registerUsuario (src/controllers/registerController.ts:74:9)
      at Object.<anonymous> (test/registerController.spec.ts:245:7)

  console.error
    Error creando dispositivo autom├ítico: AggregateError: 
        at C:\Users\Pedro\Desktop\clase\StepGuard-IoT-FallDetection\backend\node_modules\pg-pool\index.js:45:11
        at processTicksAndRejections (node:internal/process/task_queues:104:5)
        at query (C:\Users\Pedro\Desktop\clase\StepGuard-IoT-FallDetection\backend\src\config\database.ts:36:17)
        at Object.create (C:\Users\Pedro\Desktop\clase\StepGuard-IoT-FallDetection\backend\src\models\dispositivo.ts:21:20)
        at registerUsuario (C:\Users\Pedro\Desktop\clase\StepGuard-IoT-FallDetection\backend\src\controllers\registerController.ts:74:9)
        at Object.<anonymous> (C:\Users\Pedro\Desktop\clase\StepGuard-IoT-FallDetection\backend\test\registerController.spec.ts:245:7) {
      code: 'ECONNREFUSED',
      [errors]: [
        Error: connect ECONNREFUSED ::1:5432
            at createConnectionError (node:net:1754:14)
            at afterConnectMultiple (node:net:1784:16) {
          errno: -4078,
          code: 'ECONNREFUSED',
          syscall: 'connect',
          address: '::1',
          port: 5432
        },
        Error: connect ECONNREFUSED 127.0.0.1:5432
            at createConnectionError (node:net:1754:14)
            at afterConnectMultiple (node:net:1784:16) {
          errno: -4078,
          code: 'ECONNREFUSED',
          syscall: 'connect',
          address: '127.0.0.1',
          port: 5432
        }
      ]
    }

    [0m [90m 78 |[39m         macAddressAssigned [33m=[39m randomMac[33m;[39m
     [90m 79 |[39m       } [36mcatch[39m (devError) {
    [31m[1m>[22m[39m[90m 80 |[39m         console[33m.[39merror([32m"Error creando dispositivo autom├ítico:"[39m[33m,[39m devError)[33m;[39m
     [90m    |[39m                 [31m[1m^[22m[39m
     [90m 81 |[39m         [90m// Si falla, seguimos sin dispositivo[39m
     [90m 82 |[39m       }
     [90m 83 |[39m     }[0m

      at registerUsuario (src/controllers/registerController.ts:80:17)
      at Object.<anonymous> (test/registerController.spec.ts:245:7)

  console.error
    Γ¥î Error registering user: Error: Creation failed
        at Object.<anonymous> (C:\Users\Pedro\Desktop\clase\StepGuard-IoT-FallDetection\backend\test\registerController.spec.ts:240:50)
        at Promise.then.completed (C:\Users\Pedro\Desktop\clase\StepGuard-IoT-FallDetection\backend\node_modules\jest-circus\build\utils.js:298:28)
        at new Promise (<anonymous>)
        at callAsyncCircusFn (C:\Users\Pedro\Desktop\clase\StepGuard-IoT-FallDetection\backend\node_modules\jest-circus\build\utils.js:231:10)
        at _callCircusTest (C:\Users\Pedro\Desktop\clase\StepGuard-IoT-FallDetection\backend\node_modules\jest-circus\build\run.js:316:40)
        at processTicksAndRejections (node:internal/process/task_queues:104:5)
        at _runTest (C:\Users\Pedro\Desktop\clase\StepGuard-IoT-FallDetection\backend\node_modules\jest-circus\build\run.js:252:3)
        at _runTestsForDescribeBlock (C:\Users\Pedro\Desktop\clase\StepGuard-IoT-FallDetection\backend\node_modules\jest-circus\build\run.js:126:9)
        at _runTestsForDescribeBlock (C:\Users\Pedro\Desktop\clase\StepGuard-IoT-FallDetection\backend\node_modules\jest-circus\build\run.js:121:9)
        at _runTestsForDescribeBlock (C:\Users\Pedro\Desktop\clase\StepGuard-IoT-FallDetection\backend\node_modules\jest-circus\build\run.js:121:9)
        at run (C:\Users\Pedro\Desktop\clase\StepGuard-IoT-FallDetection\backend\node_modules\jest-circus\build\run.js:71:3)
        at runAndTransformResultsToJestFormat (C:\Users\Pedro\Desktop\clase\StepGuard-IoT-FallDetection\backend\node_modules\jest-circus\build\legacy-code-todo-rewrite\jestAdapterInit.js:122:21)
        at jestAdapter (C:\Users\Pedro\Desktop\clase\StepGuard-IoT-FallDetection\backend\node_modules\jest-circus\build\legacy-code-todo-rewrite\jestAdapter.js:79:19)
        at runTestInternal (C:\Users\Pedro\Desktop\clase\StepGuard-IoT-FallDetection\backend\node_modules\jest-runner\build\runTest.js:367:16)
        at runTest (C:\Users\Pedro\Desktop\clase\StepGuard-IoT-FallDetection\backend\node_modules\jest-runner\build\runTest.js:444:34)
        at Object.worker (C:\Users\Pedro\Desktop\clase\StepGuard-IoT-FallDetection\backend\node_modules\jest-runner\build\testWorker.js:106:12)

    [0m [90m 119 |[39m     })[33m;[39m
     [90m 120 |[39m   } [36mcatch[39m (error[33m:[39m any) {
    [31m[1m>[22m[39m[90m 121 |[39m     console[33m.[39merror([32m"Γ¥î Error registering user:"[39m[33m,[39m error)[33m;[39m
     [90m     |[39m             [31m[1m^[22m[39m
     [90m 122 |[39m     console[33m.[39merror([32m"Stack trace:"[39m[33m,[39m error[33m.[39mstack)[33m;[39m
     [90m 123 |[39m     res[33m.[39mstatus([35m500[39m)[33m.[39mjson({ message[33m:[39m [32m"Server error"[39m[33m,[39m error[33m:[39m error[33m.[39mmessage })[33m;[39m
     [90m 124 |[39m   }[0m

      at registerUsuario (src/controllers/registerController.ts:121:13)
      at Object.<anonymous> (test/registerController.spec.ts:245:7)

  console.error
    Stack trace: Error: Creation failed
        at Object.<anonymous> (C:\Users\Pedro\Desktop\clase\StepGuard-IoT-FallDetection\backend\test\registerController.spec.ts:240:50)
        at Promise.then.completed (C:\Users\Pedro\Desktop\clase\StepGuard-IoT-FallDetection\backend\node_modules\jest-circus\build\utils.js:298:28)
        at new Promise (<anonymous>)
        at callAsyncCircusFn (C:\Users\Pedro\Desktop\clase\StepGuard-IoT-FallDetection\backend\node_modules\jest-circus\build\utils.js:231:10)
        at _callCircusTest (C:\Users\Pedro\Desktop\clase\StepGuard-IoT-FallDetection\backend\node_modules\jest-circus\build\run.js:316:40)
        at processTicksAndRejections (node:internal/process/task_queues:104:5)
        at _runTest (C:\Users\Pedro\Desktop\clase\StepGuard-IoT-FallDetection\backend\node_modules\jest-circus\build\run.js:252:3)
        at _runTestsForDescribeBlock (C:\Users\Pedro\Desktop\clase\StepGuard-IoT-FallDetection\backend\node_modules\jest-circus\build\run.js:126:9)
        at _runTestsForDescribeBlock (C:\Users\Pedro\Desktop\clase\StepGuard-IoT-FallDetection\backend\node_modules\jest-circus\build\run.js:121:9)
        at _runTestsForDescribeBlock (C:\Users\Pedro\Desktop\clase\StepGuard-IoT-FallDetection\backend\node_modules\jest-circus\build\run.js:121:9)
        at run (C:\Users\Pedro\Desktop\clase\StepGuard-IoT-FallDetection\backend\node_modules\jest-circus\build\run.js:71:3)
        at runAndTransformResultsToJestFormat (C:\Users\Pedro\Desktop\clase\StepGuard-IoT-FallDetection\backend\node_modules\jest-circus\build\legacy-code-todo-rewrite\jestAdapterInit.js:122:21)
        at jestAdapter (C:\Users\Pedro\Desktop\clase\StepGuard-IoT-FallDetection\backend\node_modules\jest-circus\build\legacy-code-todo-rewrite\jestAdapter.js:79:19)
        at runTestInternal (C:\Users\Pedro\Desktop\clase\StepGuard-IoT-FallDetection\backend\node_modules\jest-runner\build\runTest.js:367:16)
        at runTest (C:\Users\Pedro\Desktop\clase\StepGuard-IoT-FallDetection\backend\node_modules\jest-runner\build\runTest.js:444:34)
        at Object.worker (C:\Users\Pedro\Desktop\clase\StepGuard-IoT-FallDetection\backend\node_modules\jest-runner\build\testWorker.js:106:12)

    [0m [90m 120 |[39m   } [36mcatch[39m (error[33m:[39m any) {
     [90m 121 |[39m     console[33m.[39merror([32m"Γ¥î Error registering user:"[39m[33m,[39m error)[33m;[39m
    [31m[1m>[22m[39m[90m 122 |[39m     console[33m.[39merror([32m"Stack trace:"[39m[33m,[39m error[33m.[39mstack)[33m;[39m
     [90m     |[39m             [31m[1m^[22m[39m
     [90m 123 |[39m     res[33m.[39mstatus([35m500[39m)[33m.[39mjson({ message[33m:[39m [32m"Server error"[39m[33m,[39m error[33m:[39m error[33m.[39mmessage })[33m;[39m
     [90m 124 |[39m   }
     [90m 125 |[39m }[33m;[39m[0m

      at registerUsuario (src/controllers/registerController.ts:122:13)
      at Object.<anonymous> (test/registerController.spec.ts:245:7)

  console.error
    Error en query: AggregateError: 
        at C:\Users\Pedro\Desktop\clase\StepGuard-IoT-FallDetection\backend\node_modules\pg-pool\index.js:45:11
        at processTicksAndRejections (node:internal/process/task_queues:104:5)
        at query (C:\Users\Pedro\Desktop\clase\StepGuard-IoT-FallDetection\backend\src\config\database.ts:36:17)
        at Object.create (C:\Users\Pedro\Desktop\clase\StepGuard-IoT-FallDetection\backend\src\models\dispositivo.ts:21:20)
        at registerUsuario (C:\Users\Pedro\Desktop\clase\StepGuard-IoT-FallDetection\backend\src\controllers\registerController.ts:74:9)
        at Object.<anonymous> (C:\Users\Pedro\Desktop\clase\StepGuard-IoT-FallDetection\backend\test\registerController.spec.ts:260:7) {
      code: 'ECONNREFUSED',
      [errors]: [
        Error: connect ECONNREFUSED ::1:5432
            at createConnectionError (node:net:1754:14)
            at afterConnectMultiple (node:net:1784:16) {
          errno: -4078,
          code: 'ECONNREFUSED',
          syscall: 'connect',
          address: '::1',
          port: 5432
        },
        Error: connect ECONNREFUSED 127.0.0.1:5432
            at createConnectionError (node:net:1754:14)
            at afterConnectMultiple (node:net:1784:16) {
          errno: -4078,
          code: 'ECONNREFUSED',
          syscall: 'connect',
          address: '127.0.0.1',
          port: 5432
        }
      ]
    }

    [0m [90m 39 |[39m     [36mreturn[39m res[33m;[39m
     [90m 40 |[39m   } [36mcatch[39m (error) {
    [31m[1m>[22m[39m[90m 41 |[39m     console[33m.[39merror([32m'Error en query:'[39m[33m,[39m error)[33m;[39m
     [90m    |[39m             [31m[1m^[22m[39m
     [90m 42 |[39m     [36mthrow[39m error[33m;[39m
     [90m 43 |[39m   }
     [90m 44 |[39m }[33m;[39m[0m

      at query (src/config/database.ts:41:13)
      at Object.create (src/models/dispositivo.ts:21:20)
      at registerUsuario (src/controllers/registerController.ts:74:9)
      at Object.<anonymous> (test/registerController.spec.ts:260:7)

  console.error
    Error creando dispositivo autom├ítico: AggregateError: 
        at C:\Users\Pedro\Desktop\clase\StepGuard-IoT-FallDetection\backend\node_modules\pg-pool\index.js:45:11
        at processTicksAndRejections (node:internal/process/task_queues:104:5)
        at query (C:\Users\Pedro\Desktop\clase\StepGuard-IoT-FallDetection\backend\src\config\database.ts:36:17)
        at Object.create (C:\Users\Pedro\Desktop\clase\StepGuard-IoT-FallDetection\backend\src\models\dispositivo.ts:21:20)
        at registerUsuario (C:\Users\Pedro\Desktop\clase\StepGuard-IoT-FallDetection\backend\src\controllers\registerController.ts:74:9)
        at Object.<anonymous> (C:\Users\Pedro\Desktop\clase\StepGuard-IoT-FallDetection\backend\test\registerController.spec.ts:260:7) {
      code: 'ECONNREFUSED',
      [errors]: [
        Error: connect ECONNREFUSED ::1:5432
            at createConnectionError (node:net:1754:14)
            at afterConnectMultiple (node:net:1784:16) {
          errno: -4078,
          code: 'ECONNREFUSED',
          syscall: 'connect',
          address: '::1',
          port: 5432
        },
        Error: connect ECONNREFUSED 127.0.0.1:5432
            at createConnectionError (node:net:1754:14)
            at afterConnectMultiple (node:net:1784:16) {
          errno: -4078,
          code: 'ECONNREFUSED',
          syscall: 'connect',
          address: '127.0.0.1',
          port: 5432
        }
      ]
    }

    [0m [90m 78 |[39m         macAddressAssigned [33m=[39m randomMac[33m;[39m
     [90m 79 |[39m       } [36mcatch[39m (devError) {
    [31m[1m>[22m[39m[90m 80 |[39m         console[33m.[39merror([32m"Error creando dispositivo autom├ítico:"[39m[33m,[39m devError)[33m;[39m
     [90m    |[39m                 [31m[1m^[22m[39m
     [90m 81 |[39m         [90m// Si falla, seguimos sin dispositivo[39m
     [90m 82 |[39m       }
     [90m 83 |[39m     }[0m

      at registerUsuario (src/controllers/registerController.ts:80:17)
      at Object.<anonymous> (test/registerController.spec.ts:260:7)

  console.error
    Γ¥î Error registering caregiver: Error: Connection failed
        at Object.<anonymous> (C:\Users\Pedro\Desktop\clase\StepGuard-IoT-FallDetection\backend\test\registerController.spec.ts:400:56)
        at Promise.then.completed (C:\Users\Pedro\Desktop\clase\StepGuard-IoT-FallDetection\backend\node_modules\jest-circus\build\utils.js:298:28)
        at new Promise (<anonymous>)
        at callAsyncCircusFn (C:\Users\Pedro\Desktop\clase\StepGuard-IoT-FallDetection\backend\node_modules\jest-circus\build\utils.js:231:10)
        at _callCircusTest (C:\Users\Pedro\Desktop\clase\StepGuard-IoT-FallDetection\backend\node_modules\jest-circus\build\run.js:316:40)
        at _runTest (C:\Users\Pedro\Desktop\clase\StepGuard-IoT-FallDetection\backend\node_modules\jest-circus\build\run.js:252:3)
        at _runTestsForDescribeBlock (C:\Users\Pedro\Desktop\clase\StepGuard-IoT-FallDetection\backend\node_modules\jest-circus\build\run.js:126:9)
        at _runTestsForDescribeBlock (C:\Users\Pedro\Desktop\clase\StepGuard-IoT-FallDetection\backend\node_modules\jest-circus\build\run.js:121:9)
        at _runTestsForDescribeBlock (C:\Users\Pedro\Desktop\clase\StepGuard-IoT-FallDetection\backend\node_modules\jest-circus\build\run.js:121:9)
        at run (C:\Users\Pedro\Desktop\clase\StepGuard-IoT-FallDetection\backend\node_modules\jest-circus\build\run.js:71:3)
        at runAndTransformResultsToJestFormat (C:\Users\Pedro\Desktop\clase\StepGuard-IoT-FallDetection\backend\node_modules\jest-circus\build\legacy-code-todo-rewrite\jestAdapterInit.js:122:21)
        at jestAdapter (C:\Users\Pedro\Desktop\clase\StepGuard-IoT-FallDetection\backend\node_modules\jest-circus\build\legacy-code-todo-rewrite\jestAdapter.js:79:19)
        at runTestInternal (C:\Users\Pedro\Desktop\clase\StepGuard-IoT-FallDetection\backend\node_modules\jest-runner\build\runTest.js:367:16)
        at runTest (C:\Users\Pedro\Desktop\clase\StepGuard-IoT-FallDetection\backend\node_modules\jest-runner\build\runTest.js:444:34)
        at Object.worker (C:\Users\Pedro\Desktop\clase\StepGuard-IoT-FallDetection\backend\node_modules\jest-runner\build\testWorker.js:106:12)

    [0m [90m 176 |[39m     })[33m;[39m
     [90m 177 |[39m   } [36mcatch[39m (error[33m:[39m any) {
    [31m[1m>[22m[39m[90m 178 |[39m     console[33m.[39merror([32m"Γ¥î Error registering caregiver:"[39m[33m,[39m error)[33m;[39m
     [90m     |[39m             [31m[1m^[22m[39m
     [90m 179 |[39m     console[33m.[39merror([32m"Stack trace:"[39m[33m,[39m error[33m.[39mstack)[33m;[39m
     [90m 180 |[39m     res[33m.[39mstatus([35m500[39m)[33m.[39mjson({ message[33m:[39m [32m"Server error"[39m[33m,[39m error[33m:[39m error[33m.[39mmessage })[33m;[39m
     [90m 181 |[39m   }[0m

      at registerCuidador (src/controllers/registerController.ts:178:13)
      at Object.<anonymous> (test/registerController.spec.ts:405:7)

  console.error
    Stack trace: Error: Connection failed
        at Object.<anonymous> (C:\Users\Pedro\Desktop\clase\StepGuard-IoT-FallDetection\backend\test\registerController.spec.ts:400:56)
        at Promise.then.completed (C:\Users\Pedro\Desktop\clase\StepGuard-IoT-FallDetection\backend\node_modules\jest-circus\build\utils.js:298:28)
        at new Promise (<anonymous>)
        at callAsyncCircusFn (C:\Users\Pedro\Desktop\clase\StepGuard-IoT-FallDetection\backend\node_modules\jest-circus\build\utils.js:231:10)
        at _callCircusTest (C:\Users\Pedro\Desktop\clase\StepGuard-IoT-FallDetection\backend\node_modules\jest-circus\build\run.js:316:40)
        at _runTest (C:\Users\Pedro\Desktop\clase\StepGuard-IoT-FallDetection\backend\node_modules\jest-circus\build\run.js:252:3)
        at _runTestsForDescribeBlock (C:\Users\Pedro\Desktop\clase\StepGuard-IoT-FallDetection\backend\node_modules\jest-circus\build\run.js:126:9)
        at _runTestsForDescribeBlock (C:\Users\Pedro\Desktop\clase\StepGuard-IoT-FallDetection\backend\node_modules\jest-circus\build\run.js:121:9)
        at _runTestsForDescribeBlock (C:\Users\Pedro\Desktop\clase\StepGuard-IoT-FallDetection\backend\node_modules\jest-circus\build\run.js:121:9)
        at run (C:\Users\Pedro\Desktop\clase\StepGuard-IoT-FallDetection\backend\node_modules\jest-circus\build\run.js:71:3)
        at runAndTransformResultsToJestFormat (C:\Users\Pedro\Desktop\clase\StepGuard-IoT-FallDetection\backend\node_modules\jest-circus\build\legacy-code-todo-rewrite\jestAdapterInit.js:122:21)
        at jestAdapter (C:\Users\Pedro\Desktop\clase\StepGuard-IoT-FallDetection\backend\node_modules\jest-circus\build\legacy-code-todo-rewrite\jestAdapter.js:79:19)
        at runTestInternal (C:\Users\Pedro\Desktop\clase\StepGuard-IoT-FallDetection\backend\node_modules\jest-runner\build\runTest.js:367:16)
        at runTest (C:\Users\Pedro\Desktop\clase\StepGuard-IoT-FallDetection\backend\node_modules\jest-runner\build\runTest.js:444:34)
        at Object.worker (C:\Users\Pedro\Desktop\clase\StepGuard-IoT-FallDetection\backend\node_modules\jest-runner\build\testWorker.js:106:12)

    [0m [90m 177 |[39m   } [36mcatch[39m (error[33m:[39m any) {
     [90m 178 |[39m     console[33m.[39merror([32m"Γ¥î Error registering caregiver:"[39m[33m,[39m error)[33m;[39m
    [31m[1m>[22m[39m[90m 179 |[39m     console[33m.[39merror([32m"Stack trace:"[39m[33m,[39m error[33m.[39mstack)[33m;[39m
     [90m     |[39m             [31m[1m^[22m[39m
     [90m 180 |[39m     res[33m.[39mstatus([35m500[39m)[33m.[39mjson({ message[33m:[39m [32m"Server error"[39m[33m,[39m error[33m:[39m error[33m.[39mmessage })[33m;[39m
     [90m 181 |[39m   }
     [90m 182 |[39m }[33m;[39m[0m

      at registerCuidador (src/controllers/registerController.ts:179:13)
      at Object.<anonymous> (test/registerController.spec.ts:405:7)

  console.error
    Error en query: AggregateError: 
        at C:\Users\Pedro\Desktop\clase\StepGuard-IoT-FallDetection\backend\node_modules\pg-pool\index.js:45:11
        at processTicksAndRejections (node:internal/process/task_queues:104:5)
        at query (C:\Users\Pedro\Desktop\clase\StepGuard-IoT-FallDetection\backend\src\config\database.ts:36:17)
        at Object.create (C:\Users\Pedro\Desktop\clase\StepGuard-IoT-FallDetection\backend\src\models\dispositivo.ts:21:20)
        at registerUsuario (C:\Users\Pedro\Desktop\clase\StepGuard-IoT-FallDetection\backend\src\controllers\registerController.ts:74:9)
        at Object.<anonymous> (C:\Users\Pedro\Desktop\clase\StepGuard-IoT-FallDetection\backend\test\registerController.spec.ts:423:7) {
      code: 'ECONNREFUSED',
      [errors]: [
        Error: connect ECONNREFUSED ::1:5432
            at createConnectionError (node:net:1754:14)
            at afterConnectMultiple (node:net:1784:16) {
          errno: -4078,
          code: 'ECONNREFUSED',
          syscall: 'connect',
          address: '::1',
          port: 5432
        },
        Error: connect ECONNREFUSED 127.0.0.1:5432
            at createConnectionError (node:net:1754:14)
            at afterConnectMultiple (node:net:1784:16) {
          errno: -4078,
          code: 'ECONNREFUSED',
          syscall: 'connect',
          address: '127.0.0.1',
          port: 5432
        }
      ]
    }

    [0m [90m 39 |[39m     [36mreturn[39m res[33m;[39m
     [90m 40 |[39m   } [36mcatch[39m (error) {
    [31m[1m>[22m[39m[90m 41 |[39m     console[33m.[39merror([32m'Error en query:'[39m[33m,[39m error)[33m;[39m
     [90m    |[39m             [31m[1m^[22m[39m
     [90m 42 |[39m     [36mthrow[39m error[33m;[39m
     [90m 43 |[39m   }
     [90m 44 |[39m }[33m;[39m[0m

      at query (src/config/database.ts:41:13)
      at Object.create (src/models/dispositivo.ts:21:20)
      at registerUsuario (src/controllers/registerController.ts:74:9)
      at Object.<anonymous> (test/registerController.spec.ts:423:7)

  console.error
    Error creando dispositivo autom├ítico: AggregateError: 
        at C:\Users\Pedro\Desktop\clase\StepGuard-IoT-FallDetection\backend\node_modules\pg-pool\index.js:45:11
        at processTicksAndRejections (node:internal/process/task_queues:104:5)
        at query (C:\Users\Pedro\Desktop\clase\StepGuard-IoT-FallDetection\backend\src\config\database.ts:36:17)
        at Object.create (C:\Users\Pedro\Desktop\clase\StepGuard-IoT-FallDetection\backend\src\models\dispositivo.ts:21:20)
        at registerUsuario (C:\Users\Pedro\Desktop\clase\StepGuard-IoT-FallDetection\backend\src\controllers\registerController.ts:74:9)
        at Object.<anonymous> (C:\Users\Pedro\Desktop\clase\StepGuard-IoT-FallDetection\backend\test\registerController.spec.ts:423:7) {
      code: 'ECONNREFUSED',
      [errors]: [
        Error: connect ECONNREFUSED ::1:5432
            at createConnectionError (node:net:1754:14)
            at afterConnectMultiple (node:net:1784:16) {
          errno: -4078,
          code: 'ECONNREFUSED',
          syscall: 'connect',
          address: '::1',
          port: 5432
        },
        Error: connect ECONNREFUSED 127.0.0.1:5432
            at createConnectionError (node:net:1754:14)
            at afterConnectMultiple (node:net:1784:16) {
          errno: -4078,
          code: 'ECONNREFUSED',
          syscall: 'connect',
          address: '127.0.0.1',
          port: 5432
        }
      ]
    }

    [0m [90m 78 |[39m         macAddressAssigned [33m=[39m randomMac[33m;[39m
     [90m 79 |[39m       } [36mcatch[39m (devError) {
    [31m[1m>[22m[39m[90m 80 |[39m         console[33m.[39merror([32m"Error creando dispositivo autom├ítico:"[39m[33m,[39m devError)[33m;[39m
     [90m    |[39m                 [31m[1m^[22m[39m
     [90m 81 |[39m         [90m// Si falla, seguimos sin dispositivo[39m
     [90m 82 |[39m       }
     [90m 83 |[39m     }[0m

      at registerUsuario (src/controllers/registerController.ts:80:17)
      at Object.<anonymous> (test/registerController.spec.ts:423:7)

  console.error
    Error en query: AggregateError: 
        at C:\Users\Pedro\Desktop\clase\StepGuard-IoT-FallDetection\backend\node_modules\pg-pool\index.js:45:11
        at processTicksAndRejections (node:internal/process/task_queues:104:5)
        at query (C:\Users\Pedro\Desktop\clase\StepGuard-IoT-FallDetection\backend\src\config\database.ts:36:17)
        at Object.create (C:\Users\Pedro\Desktop\clase\StepGuard-IoT-FallDetection\backend\src\models\dispositivo.ts:21:20)
        at registerUsuario (C:\Users\Pedro\Desktop\clase\StepGuard-IoT-FallDetection\backend\src\controllers\registerController.ts:74:9)
        at Object.<anonymous> (C:\Users\Pedro\Desktop\clase\StepGuard-IoT-FallDetection\backend\test\registerController.spec.ts:434:7) {
      code: 'ECONNREFUSED',
      [errors]: [
        Error: connect ECONNREFUSED ::1:5432
            at createConnectionError (node:net:1754:14)
            at afterConnectMultiple (node:net:1784:16) {
          errno: -4078,
          code: 'ECONNREFUSED',
          syscall: 'connect',
          address: '::1',
          port: 5432
        },
        Error: connect ECONNREFUSED 127.0.0.1:5432
            at createConnectionError (node:net:1754:14)
            at afterConnectMultiple (node:net:1784:16) {
          errno: -4078,
          code: 'ECONNREFUSED',
          syscall: 'connect',
          address: '127.0.0.1',
          port: 5432
        }
      ]
    }

    [0m [90m 39 |[39m     [36mreturn[39m res[33m;[39m
     [90m 40 |[39m   } [36mcatch[39m (error) {
    [31m[1m>[22m[39m[90m 41 |[39m     console[33m.[39merror([32m'Error en query:'[39m[33m,[39m error)[33m;[39m
     [90m    |[39m             [31m[1m^[22m[39m
     [90m 42 |[39m     [36mthrow[39m error[33m;[39m
     [90m 43 |[39m   }
     [90m 44 |[39m }[33m;[39m[0m

      at query (src/config/database.ts:41:13)
      at Object.create (src/models/dispositivo.ts:21:20)
      at registerUsuario (src/controllers/registerController.ts:74:9)
      at Object.<anonymous> (test/registerController.spec.ts:434:7)

  console.error
    Error creando dispositivo autom├ítico: AggregateError: 
        at C:\Users\Pedro\Desktop\clase\StepGuard-IoT-FallDetection\backend\node_modules\pg-pool\index.js:45:11
        at processTicksAndRejections (node:internal/process/task_queues:104:5)
        at query (C:\Users\Pedro\Desktop\clase\StepGuard-IoT-FallDetection\backend\src\config\database.ts:36:17)
        at Object.create (C:\Users\Pedro\Desktop\clase\StepGuard-IoT-FallDetection\backend\src\models\dispositivo.ts:21:20)
        at registerUsuario (C:\Users\Pedro\Desktop\clase\StepGuard-IoT-FallDetection\backend\src\controllers\registerController.ts:74:9)
        at Object.<anonymous> (C:\Users\Pedro\Desktop\clase\StepGuard-IoT-FallDetection\backend\test\registerController.spec.ts:434:7) {
      code: 'ECONNREFUSED',
      [errors]: [
        Error: connect ECONNREFUSED ::1:5432
            at createConnectionError (node:net:1754:14)
            at afterConnectMultiple (node:net:1784:16) {
          errno: -4078,
          code: 'ECONNREFUSED',
          syscall: 'connect',
          address: '::1',
          port: 5432
        },
        Error: connect ECONNREFUSED 127.0.0.1:5432
            at createConnectionError (node:net:1754:14)
            at afterConnectMultiple (node:net:1784:16) {
          errno: -4078,
          code: 'ECONNREFUSED',
          syscall: 'connect',
          address: '127.0.0.1',
          port: 5432
        }
      ]
    }

    [0m [90m 78 |[39m         macAddressAssigned [33m=[39m randomMac[33m;[39m
     [90m 79 |[39m       } [36mcatch[39m (devError) {
    [31m[1m>[22m[39m[90m 80 |[39m         console[33m.[39merror([32m"Error creando dispositivo autom├ítico:"[39m[33m,[39m devError)[33m;[39m
     [90m    |[39m                 [31m[1m^[22m[39m
     [90m 81 |[39m         [90m// Si falla, seguimos sin dispositivo[39m
     [90m 82 |[39m       }
     [90m 83 |[39m     }[0m

      at registerUsuario (src/controllers/registerController.ts:80:17)
      at Object.<anonymous> (test/registerController.spec.ts:434:7)

  console.error
    Error en query: AggregateError: 
        at C:\Users\Pedro\Desktop\clase\StepGuard-IoT-FallDetection\backend\node_modules\pg-pool\index.js:45:11
        at processTicksAndRejections (node:internal/process/task_queues:104:5)
        at query (C:\Users\Pedro\Desktop\clase\StepGuard-IoT-FallDetection\backend\src\config\database.ts:36:17)
        at Object.create (C:\Users\Pedro\Desktop\clase\StepGuard-IoT-FallDetection\backend\src\models\dispositivo.ts:21:20)
        at registerUsuario (C:\Users\Pedro\Desktop\clase\StepGuard-IoT-FallDetection\backend\src\controllers\registerController.ts:74:9)
        at Object.<anonymous> (C:\Users\Pedro\Desktop\clase\StepGuard-IoT-FallDetection\backend\test\registerController.spec.ts:446:7) {
      code: 'ECONNREFUSED',
      [errors]: [
        Error: connect ECONNREFUSED ::1:5432
            at createConnectionError (node:net:1754:14)
            at afterConnectMultiple (node:net:1784:16) {
          errno: -4078,
          code: 'ECONNREFUSED',
          syscall: 'connect',
          address: '::1',
          port: 5432
        },
        Error: connect ECONNREFUSED 127.0.0.1:5432
            at createConnectionError (node:net:1754:14)
            at afterConnectMultiple (node:net:1784:16) {
          errno: -4078,
          code: 'ECONNREFUSED',
          syscall: 'connect',
          address: '127.0.0.1',
          port: 5432
        }
      ]
    }

    [0m [90m 39 |[39m     [36mreturn[39m res[33m;[39m
     [90m 40 |[39m   } [36mcatch[39m (error) {
    [31m[1m>[22m[39m[90m 41 |[39m     console[33m.[39merror([32m'Error en query:'[39m[33m,[39m error)[33m;[39m
     [90m    |[39m             [31m[1m^[22m[39m
     [90m 42 |[39m     [36mthrow[39m error[33m;[39m
     [90m 43 |[39m   }
     [90m 44 |[39m }[33m;[39m[0m

      at query (src/config/database.ts:41:13)
      at Object.create (src/models/dispositivo.ts:21:20)
      at registerUsuario (src/controllers/registerController.ts:74:9)
      at Object.<anonymous> (test/registerController.spec.ts:446:7)

  console.error
    Error creando dispositivo autom├ítico: AggregateError: 
        at C:\Users\Pedro\Desktop\clase\StepGuard-IoT-FallDetection\backend\node_modules\pg-pool\index.js:45:11
        at processTicksAndRejections (node:internal/process/task_queues:104:5)
        at query (C:\Users\Pedro\Desktop\clase\StepGuard-IoT-FallDetection\backend\src\config\database.ts:36:17)
        at Object.create (C:\Users\Pedro\Desktop\clase\StepGuard-IoT-FallDetection\backend\src\models\dispositivo.ts:21:20)
        at registerUsuario (C:\Users\Pedro\Desktop\clase\StepGuard-IoT-FallDetection\backend\src\controllers\registerController.ts:74:9)
        at Object.<anonymous> (C:\Users\Pedro\Desktop\clase\StepGuard-IoT-FallDetection\backend\test\registerController.spec.ts:446:7) {
      code: 'ECONNREFUSED',
      [errors]: [
        Error: connect ECONNREFUSED ::1:5432
            at createConnectionError (node:net:1754:14)
            at afterConnectMultiple (node:net:1784:16) {
          errno: -4078,
          code: 'ECONNREFUSED',
          syscall: 'connect',
          address: '::1',
          port: 5432
        },
        Error: connect ECONNREFUSED 127.0.0.1:5432
            at createConnectionError (node:net:1754:14)
            at afterConnectMultiple (node:net:1784:16) {
          errno: -4078,
          code: 'ECONNREFUSED',
          syscall: 'connect',
          address: '127.0.0.1',
          port: 5432
        }
      ]
    }

    [0m [90m 78 |[39m         macAddressAssigned [33m=[39m randomMac[33m;[39m
     [90m 79 |[39m       } [36mcatch[39m (devError) {
    [31m[1m>[22m[39m[90m 80 |[39m         console[33m.[39merror([32m"Error creando dispositivo autom├ítico:"[39m[33m,[39m devError)[33m;[39m
     [90m    |[39m                 [31m[1m^[22m[39m
     [90m 81 |[39m         [90m// Si falla, seguimos sin dispositivo[39m
     [90m 82 |[39m       }
     [90m 83 |[39m     }[0m

      at registerUsuario (src/controllers/registerController.ts:80:17)
      at Object.<anonymous> (test/registerController.spec.ts:446:7)

  console.error
    Error en query: AggregateError: 
        at C:\Users\Pedro\Desktop\clase\StepGuard-IoT-FallDetection\backend\node_modules\pg-pool\index.js:45:11
        at processTicksAndRejections (node:internal/process/task_queues:104:5)
        at query (C:\Users\Pedro\Desktop\clase\StepGuard-IoT-FallDetection\backend\src\config\database.ts:36:17)
        at Object.create (C:\Users\Pedro\Desktop\clase\StepGuard-IoT-FallDetection\backend\src\models\dispositivo.ts:21:20)
        at registerUsuario (C:\Users\Pedro\Desktop\clase\StepGuard-IoT-FallDetection\backend\src\controllers\registerController.ts:74:9)
        at Object.<anonymous> (C:\Users\Pedro\Desktop\clase\StepGuard-IoT-FallDetection\backend\test\registerController.spec.ts:461:7) {
      code: 'ECONNREFUSED',
      [errors]: [
        Error: connect ECONNREFUSED ::1:5432
            at createConnectionError (node:net:1754:14)
            at afterConnectMultiple (node:net:1784:16) {
          errno: -4078,
          code: 'ECONNREFUSED',
          syscall: 'connect',
          address: '::1',
          port: 5432
        },
        Error: connect ECONNREFUSED 127.0.0.1:5432
            at createConnectionError (node:net:1754:14)
            at afterConnectMultiple (node:net:1784:16) {
          errno: -4078,
          code: 'ECONNREFUSED',
          syscall: 'connect',
          address: '127.0.0.1',
          port: 5432
        }
      ]
    }

    [0m [90m 39 |[39m     [36mreturn[39m res[33m;[39m
     [90m 40 |[39m   } [36mcatch[39m (error) {
    [31m[1m>[22m[39m[90m 41 |[39m     console[33m.[39merror([32m'Error en query:'[39m[33m,[39m error)[33m;[39m
     [90m    |[39m             [31m[1m^[22m[39m
     [90m 42 |[39m     [36mthrow[39m error[33m;[39m
     [90m 43 |[39m   }
     [90m 44 |[39m }[33m;[39m[0m

      at query (src/config/database.ts:41:13)
      at Object.create (src/models/dispositivo.ts:21:20)
      at registerUsuario (src/controllers/registerController.ts:74:9)
      at Object.<anonymous> (test/registerController.spec.ts:461:7)

  console.error
    Error creando dispositivo autom├ítico: AggregateError: 
        at C:\Users\Pedro\Desktop\clase\StepGuard-IoT-FallDetection\backend\node_modules\pg-pool\index.js:45:11
        at processTicksAndRejections (node:internal/process/task_queues:104:5)
        at query (C:\Users\Pedro\Desktop\clase\StepGuard-IoT-FallDetection\backend\src\config\database.ts:36:17)
        at Object.create (C:\Users\Pedro\Desktop\clase\StepGuard-IoT-FallDetection\backend\src\models\dispositivo.ts:21:20)
        at registerUsuario (C:\Users\Pedro\Desktop\clase\StepGuard-IoT-FallDetection\backend\src\controllers\registerController.ts:74:9)
        at Object.<anonymous> (C:\Users\Pedro\Desktop\clase\StepGuard-IoT-FallDetection\backend\test\registerController.spec.ts:461:7) {
      code: 'ECONNREFUSED',
      [errors]: [
        Error: connect ECONNREFUSED ::1:5432
            at createConnectionError (node:net:1754:14)
            at afterConnectMultiple (node:net:1784:16) {
          errno: -4078,
          code: 'ECONNREFUSED',
          syscall: 'connect',
          address: '::1',
          port: 5432
        },
        Error: connect ECONNREFUSED 127.0.0.1:5432
            at createConnectionError (node:net:1754:14)
            at afterConnectMultiple (node:net:1784:16) {
          errno: -4078,
          code: 'ECONNREFUSED',
          syscall: 'connect',
          address: '127.0.0.1',
          port: 5432
        }
      ]
    }

    [0m [90m 78 |[39m         macAddressAssigned [33m=[39m randomMac[33m;[39m
     [90m 79 |[39m       } [36mcatch[39m (devError) {
    [31m[1m>[22m[39m[90m 80 |[39m         console[33m.[39merror([32m"Error creando dispositivo autom├ítico:"[39m[33m,[39m devError)[33m;[39m
     [90m    |[39m                 [31m[1m^[22m[39m
     [90m 81 |[39m         [90m// Si falla, seguimos sin dispositivo[39m
     [90m 82 |[39m       }
     [90m 83 |[39m     }[0m

      at registerUsuario (src/controllers/registerController.ts:80:17)
      at Object.<anonymous> (test/registerController.spec.ts:461:7)

  console.error
    Error en query: AggregateError: 
        at C:\Users\Pedro\Desktop\clase\StepGuard-IoT-FallDetection\backend\node_modules\pg-pool\index.js:45:11
        at processTicksAndRejections (node:internal/process/task_queues:104:5)
        at query (C:\Users\Pedro\Desktop\clase\StepGuard-IoT-FallDetection\backend\src\config\database.ts:36:17)
        at Object.create (C:\Users\Pedro\Desktop\clase\StepGuard-IoT-FallDetection\backend\src\models\dispositivo.ts:21:20)
        at registerUsuario (C:\Users\Pedro\Desktop\clase\StepGuard-IoT-FallDetection\backend\src\controllers\registerController.ts:74:9)
        at async Promise.all (index 0)
        at Object.<anonymous> (C:\Users\Pedro\Desktop\clase\StepGuard-IoT-FallDetection\backend\test\registerController.spec.ts:478:7) {
      code: 'ECONNREFUSED',
      [errors]: [
        Error: connect ECONNREFUSED ::1:5432
            at createConnectionError (node:net:1754:14)
            at afterConnectMultiple (node:net:1784:16) {
          errno: -4078,
          code: 'ECONNREFUSED',
          syscall: 'connect',
          address: '::1',
          port: 5432
        },
        Error: connect ECONNREFUSED 127.0.0.1:5432
            at createConnectionError (node:net:1754:14)
            at afterConnectMultiple (node:net:1784:16) {
          errno: -4078,
          code: 'ECONNREFUSED',
          syscall: 'connect',
          address: '127.0.0.1',
          port: 5432
        }
      ]
    }

    [0m [90m 39 |[39m     [36mreturn[39m res[33m;[39m
     [90m 40 |[39m   } [36mcatch[39m (error) {
    [31m[1m>[22m[39m[90m 41 |[39m     console[33m.[39merror([32m'Error en query:'[39m[33m,[39m error)[33m;[39m
     [90m    |[39m             [31m[1m^[22m[39m
     [90m 42 |[39m     [36mthrow[39m error[33m;[39m
     [90m 43 |[39m   }
     [90m 44 |[39m }[33m;[39m[0m

      at query (src/config/database.ts:41:13)
      at Object.create (src/models/dispositivo.ts:21:20)
      at registerUsuario (src/controllers/registerController.ts:74:9)
          at async Promise.all (index 0)
      at Object.<anonymous> (test/registerController.spec.ts:478:7)

  console.error
    Error creando dispositivo autom├ítico: AggregateError: 
        at C:\Users\Pedro\Desktop\clase\StepGuard-IoT-FallDetection\backend\node_modules\pg-pool\index.js:45:11
        at processTicksAndRejections (node:internal/process/task_queues:104:5)
        at query (C:\Users\Pedro\Desktop\clase\StepGuard-IoT-FallDetection\backend\src\config\database.ts:36:17)
        at Object.create (C:\Users\Pedro\Desktop\clase\StepGuard-IoT-FallDetection\backend\src\models\dispositivo.ts:21:20)
        at registerUsuario (C:\Users\Pedro\Desktop\clase\StepGuard-IoT-FallDetection\backend\src\controllers\registerController.ts:74:9)
        at async Promise.all (index 0)
        at Object.<anonymous> (C:\Users\Pedro\Desktop\clase\StepGuard-IoT-FallDetection\backend\test\registerController.spec.ts:478:7) {
      code: 'ECONNREFUSED',
      [errors]: [
        Error: connect ECONNREFUSED ::1:5432
            at createConnectionError (node:net:1754:14)
            at afterConnectMultiple (node:net:1784:16) {
          errno: -4078,
          code: 'ECONNREFUSED',
          syscall: 'connect',
          address: '::1',
          port: 5432
        },
        Error: connect ECONNREFUSED 127.0.0.1:5432
            at createConnectionError (node:net:1754:14)
            at afterConnectMultiple (node:net:1784:16) {
          errno: -4078,
          code: 'ECONNREFUSED',
          syscall: 'connect',
          address: '127.0.0.1',
          port: 5432
        }
      ]
    }

    [0m [90m 78 |[39m         macAddressAssigned [33m=[39m randomMac[33m;[39m
     [90m 79 |[39m       } [36mcatch[39m (devError) {
    [31m[1m>[22m[39m[90m 80 |[39m         console[33m.[39merror([32m"Error creando dispositivo autom├ítico:"[39m[33m,[39m devError)[33m;[39m
     [90m    |[39m                 [31m[1m^[22m[39m
     [90m 81 |[39m         [90m// Si falla, seguimos sin dispositivo[39m
     [90m 82 |[39m       }
     [90m 83 |[39m     }[0m

      at registerUsuario (src/controllers/registerController.ts:80:17)
          at async Promise.all (index 0)
      at Object.<anonymous> (test/registerController.spec.ts:478:7)

  console.error
    Error en query: AggregateError: 
        at C:\Users\Pedro\Desktop\clase\StepGuard-IoT-FallDetection\backend\node_modules\pg-pool\index.js:45:11
        at processTicksAndRejections (node:internal/process/task_queues:104:5)
        at query (C:\Users\Pedro\Desktop\clase\StepGuard-IoT-FallDetection\backend\src\config\database.ts:36:17)
        at Object.create (C:\Users\Pedro\Desktop\clase\StepGuard-IoT-FallDetection\backend\src\models\dispositivo.ts:21:20)
        at registerUsuario (C:\Users\Pedro\Desktop\clase\StepGuard-IoT-FallDetection\backend\src\controllers\registerController.ts:74:9)
        at async Promise.all (index 1)
        at Object.<anonymous> (C:\Users\Pedro\Desktop\clase\StepGuard-IoT-FallDetection\backend\test\registerController.spec.ts:478:7) {
      code: 'ECONNREFUSED',
      [errors]: [
        Error: connect ECONNREFUSED ::1:5432
            at createConnectionError (node:net:1754:14)
            at afterConnectMultiple (node:net:1784:16) {
          errno: -4078,
          code: 'ECONNREFUSED',
          syscall: 'connect',
          address: '::1',
          port: 5432
        },
        Error: connect ECONNREFUSED 127.0.0.1:5432
            at createConnectionError (node:net:1754:14)
            at afterConnectMultiple (node:net:1784:16) {
          errno: -4078,
          code: 'ECONNREFUSED',
          syscall: 'connect',
          address: '127.0.0.1',
          port: 5432
        }
      ]
    }

    [0m [90m 39 |[39m     [36mreturn[39m res[33m;[39m
     [90m 40 |[39m   } [36mcatch[39m (error) {
    [31m[1m>[22m[39m[90m 41 |[39m     console[33m.[39merror([32m'Error en query:'[39m[33m,[39m error)[33m;[39m
     [90m    |[39m             [31m[1m^[22m[39m
     [90m 42 |[39m     [36mthrow[39m error[33m;[39m
     [90m 43 |[39m   }
     [90m 44 |[39m }[33m;[39m[0m

      at query (src/config/database.ts:41:13)
      at Object.create (src/models/dispositivo.ts:21:20)
      at registerUsuario (src/controllers/registerController.ts:74:9)
          at async Promise.all (index 1)
      at Object.<anonymous> (test/registerController.spec.ts:478:7)

  console.error
    Error creando dispositivo autom├ítico: AggregateError: 
        at C:\Users\Pedro\Desktop\clase\StepGuard-IoT-FallDetection\backend\node_modules\pg-pool\index.js:45:11
        at processTicksAndRejections (node:internal/process/task_queues:104:5)
        at query (C:\Users\Pedro\Desktop\clase\StepGuard-IoT-FallDetection\backend\src\config\database.ts:36:17)
        at Object.create (C:\Users\Pedro\Desktop\clase\StepGuard-IoT-FallDetection\backend\src\models\dispositivo.ts:21:20)
        at registerUsuario (C:\Users\Pedro\Desktop\clase\StepGuard-IoT-FallDetection\backend\src\controllers\registerController.ts:74:9)
        at async Promise.all (index 1)
        at Object.<anonymous> (C:\Users\Pedro\Desktop\clase\StepGuard-IoT-FallDetection\backend\test\registerController.spec.ts:478:7) {
      code: 'ECONNREFUSED',
      [errors]: [
        Error: connect ECONNREFUSED ::1:5432
            at createConnectionError (node:net:1754:14)
            at afterConnectMultiple (node:net:1784:16) {
          errno: -4078,
          code: 'ECONNREFUSED',
          syscall: 'connect',
          address: '::1',
          port: 5432
        },
        Error: connect ECONNREFUSED 127.0.0.1:5432
            at createConnectionError (node:net:1754:14)
            at afterConnectMultiple (node:net:1784:16) {
          errno: -4078,
          code: 'ECONNREFUSED',
          syscall: 'connect',
          address: '127.0.0.1',
          port: 5432
        }
      ]
    }

    [0m [90m 78 |[39m         macAddressAssigned [33m=[39m randomMac[33m;[39m
     [90m 79 |[39m       } [36mcatch[39m (devError) {
    [31m[1m>[22m[39m[90m 80 |[39m         console[33m.[39merror([32m"Error creando dispositivo autom├ítico:"[39m[33m,[39m devError)[33m;[39m
     [90m    |[39m                 [31m[1m^[22m[39m
     [90m 81 |[39m         [90m// Si falla, seguimos sin dispositivo[39m
     [90m 82 |[39m       }
     [90m 83 |[39m     }[0m

      at registerUsuario (src/controllers/registerController.ts:80:17)
          at async Promise.all (index 1)
      at Object.<anonymous> (test/registerController.spec.ts:478:7)

  console.error
    Error en query: AggregateError: 
        at C:\Users\Pedro\Desktop\clase\StepGuard-IoT-FallDetection\backend\node_modules\pg-pool\index.js:45:11
        at processTicksAndRejections (node:internal/process/task_queues:104:5)
        at query (C:\Users\Pedro\Desktop\clase\StepGuard-IoT-FallDetection\backend\src\config\database.ts:36:17)
        at Object.create (C:\Users\Pedro\Desktop\clase\StepGuard-IoT-FallDetection\backend\src\models\dispositivo.ts:21:20)
        at registerUsuario (C:\Users\Pedro\Desktop\clase\StepGuard-IoT-FallDetection\backend\src\controllers\registerController.ts:74:9)
        at async Promise.all (index 2)
        at Object.<anonymous> (C:\Users\Pedro\Desktop\clase\StepGuard-IoT-FallDetection\backend\test\registerController.spec.ts:478:7) {
      code: 'ECONNREFUSED',
      [errors]: [
        Error: connect ECONNREFUSED ::1:5432
            at createConnectionError (node:net:1754:14)
            at afterConnectMultiple (node:net:1784:16) {
          errno: -4078,
          code: 'ECONNREFUSED',
          syscall: 'connect',
          address: '::1',
          port: 5432
        },
        Error: connect ECONNREFUSED 127.0.0.1:5432
            at createConnectionError (node:net:1754:14)
            at afterConnectMultiple (node:net:1784:16) {
          errno: -4078,
          code: 'ECONNREFUSED',
          syscall: 'connect',
          address: '127.0.0.1',
          port: 5432
        }
      ]
    }

    [0m [90m 39 |[39m     [36mreturn[39m res[33m;[39m
     [90m 40 |[39m   } [36mcatch[39m (error) {
    [31m[1m>[22m[39m[90m 41 |[39m     console[33m.[39merror([32m'Error en query:'[39m[33m,[39m error)[33m;[39m
     [90m    |[39m             [31m[1m^[22m[39m
     [90m 42 |[39m     [36mthrow[39m error[33m;[39m
     [90m 43 |[39m   }
     [90m 44 |[39m }[33m;[39m[0m

      at query (src/config/database.ts:41:13)
      at Object.create (src/models/dispositivo.ts:21:20)
      at registerUsuario (src/controllers/registerController.ts:74:9)
          at async Promise.all (index 2)
      at Object.<anonymous> (test/registerController.spec.ts:478:7)

  console.error
    Error creando dispositivo autom├ítico: AggregateError: 
        at C:\Users\Pedro\Desktop\clase\StepGuard-IoT-FallDetection\backend\node_modules\pg-pool\index.js:45:11
        at processTicksAndRejections (node:internal/process/task_queues:104:5)
        at query (C:\Users\Pedro\Desktop\clase\StepGuard-IoT-FallDetection\backend\src\config\database.ts:36:17)
        at Object.create (C:\Users\Pedro\Desktop\clase\StepGuard-IoT-FallDetection\backend\src\models\dispositivo.ts:21:20)
        at registerUsuario (C:\Users\Pedro\Desktop\clase\StepGuard-IoT-FallDetection\backend\src\controllers\registerController.ts:74:9)
        at async Promise.all (index 2)
        at Object.<anonymous> (C:\Users\Pedro\Desktop\clase\StepGuard-IoT-FallDetection\backend\test\registerController.spec.ts:478:7) {
      code: 'ECONNREFUSED',
      [errors]: [
        Error: connect ECONNREFUSED ::1:5432
            at createConnectionError (node:net:1754:14)
            at afterConnectMultiple (node:net:1784:16) {
          errno: -4078,
          code: 'ECONNREFUSED',
          syscall: 'connect',
          address: '::1',
          port: 5432
        },
        Error: connect ECONNREFUSED 127.0.0.1:5432
            at createConnectionError (node:net:1754:14)
            at afterConnectMultiple (node:net:1784:16) {
          errno: -4078,
          code: 'ECONNREFUSED',
          syscall: 'connect',
          address: '127.0.0.1',
          port: 5432
        }
      ]
    }

    [0m [90m 78 |[39m         macAddressAssigned [33m=[39m randomMac[33m;[39m
     [90m 79 |[39m       } [36mcatch[39m (devError) {
    [31m[1m>[22m[39m[90m 80 |[39m         console[33m.[39merror([32m"Error creando dispositivo autom├ítico:"[39m[33m,[39m devError)[33m;[39m
     [90m    |[39m                 [31m[1m^[22m[39m
     [90m 81 |[39m         [90m// Si falla, seguimos sin dispositivo[39m
     [90m 82 |[39m       }
     [90m 83 |[39m     }[0m

      at registerUsuario (src/controllers/registerController.ts:80:17)
          at async Promise.all (index 2)
      at Object.<anonymous> (test/registerController.spec.ts:478:7)

  console.error
    Error en query: AggregateError: 
        at C:\Users\Pedro\Desktop\clase\StepGuard-IoT-FallDetection\backend\node_modules\pg-pool\index.js:45:11
        at processTicksAndRejections (node:internal/process/task_queues:104:5)
        at query (C:\Users\Pedro\Desktop\clase\StepGuard-IoT-FallDetection\backend\src\config\database.ts:36:17)
        at Object.create (C:\Users\Pedro\Desktop\clase\StepGuard-IoT-FallDetection\backend\src\models\dispositivo.ts:21:20)
        at registerUsuario (C:\Users\Pedro\Desktop\clase\StepGuard-IoT-FallDetection\backend\src\controllers\registerController.ts:74:9)
        at Object.<anonymous> (C:\Users\Pedro\Desktop\clase\StepGuard-IoT-FallDetection\backend\test\registerController.spec.ts:493:7) {
      code: 'ECONNREFUSED',
      [errors]: [
        Error: connect ECONNREFUSED ::1:5432
            at createConnectionError (node:net:1754:14)
            at afterConnectMultiple (node:net:1784:16) {
          errno: -4078,
          code: 'ECONNREFUSED',
          syscall: 'connect',
          address: '::1',
          port: 5432
        },
        Error: connect ECONNREFUSED 127.0.0.1:5432
            at createConnectionError (node:net:1754:14)
            at afterConnectMultiple (node:net:1784:16) {
          errno: -4078,
          code: 'ECONNREFUSED',
          syscall: 'connect',
          address: '127.0.0.1',
          port: 5432
        }
      ]
    }

    [0m [90m 39 |[39m     [36mreturn[39m res[33m;[39m
     [90m 40 |[39m   } [36mcatch[39m (error) {
    [31m[1m>[22m[39m[90m 41 |[39m     console[33m.[39merror([32m'Error en query:'[39m[33m,[39m error)[33m;[39m
     [90m    |[39m             [31m[1m^[22m[39m
     [90m 42 |[39m     [36mthrow[39m error[33m;[39m
     [90m 43 |[39m   }
     [90m 44 |[39m }[33m;[39m[0m

      at query (src/config/database.ts:41:13)
      at Object.create (src/models/dispositivo.ts:21:20)
      at registerUsuario (src/controllers/registerController.ts:74:9)
      at Object.<anonymous> (test/registerController.spec.ts:493:7)

  console.error
    Error creando dispositivo autom├ítico: AggregateError: 
        at C:\Users\Pedro\Desktop\clase\StepGuard-IoT-FallDetection\backend\node_modules\pg-pool\index.js:45:11
        at processTicksAndRejections (node:internal/process/task_queues:104:5)
        at query (C:\Users\Pedro\Desktop\clase\StepGuard-IoT-FallDetection\backend\src\config\database.ts:36:17)
        at Object.create (C:\Users\Pedro\Desktop\clase\StepGuard-IoT-FallDetection\backend\src\models\dispositivo.ts:21:20)
        at registerUsuario (C:\Users\Pedro\Desktop\clase\StepGuard-IoT-FallDetection\backend\src\controllers\registerController.ts:74:9)
        at Object.<anonymous> (C:\Users\Pedro\Desktop\clase\StepGuard-IoT-FallDetection\backend\test\registerController.spec.ts:493:7) {
      code: 'ECONNREFUSED',
      [errors]: [
        Error: connect ECONNREFUSED ::1:5432
            at createConnectionError (node:net:1754:14)
            at afterConnectMultiple (node:net:1784:16) {
          errno: -4078,
          code: 'ECONNREFUSED',
          syscall: 'connect',
          address: '::1',
          port: 5432
        },
        Error: connect ECONNREFUSED 127.0.0.1:5432
            at createConnectionError (node:net:1754:14)
            at afterConnectMultiple (node:net:1784:16) {
          errno: -4078,
          code: 'ECONNREFUSED',
          syscall: 'connect',
          address: '127.0.0.1',
          port: 5432
        }
      ]
    }

    [0m [90m 78 |[39m         macAddressAssigned [33m=[39m randomMac[33m;[39m
     [90m 79 |[39m       } [36mcatch[39m (devError) {
    [31m[1m>[22m[39m[90m 80 |[39m         console[33m.[39merror([32m"Error creando dispositivo autom├ítico:"[39m[33m,[39m devError)[33m;[39m
     [90m    |[39m                 [31m[1m^[22m[39m
     [90m 81 |[39m         [90m// Si falla, seguimos sin dispositivo[39m
     [90m 82 |[39m       }
     [90m 83 |[39m     }[0m

      at registerUsuario (src/controllers/registerController.ts:80:17)
      at Object.<anonymous> (test/registerController.spec.ts:493:7)

PASS test/registerController.spec.ts
  registerController - registerUsuario
    Validaci├│n de entrada
      ΓêÜ Γ£ô rechaza si falta email (7 ms)
      ΓêÜ Γ£ô rechaza si falta password (1 ms)
      ΓêÜ Γ£ô rechaza si falta nombre
      ΓêÜ Γ£ô rechaza campos vac├¡os (1 ms)
      ΓêÜ Γ£ô valida formato de email (125 ms)
      ΓêÜ Γ£ô valida longitud m├¡nima de contrase├▒a (83 ms)
    Usuario duplicado
      ΓêÜ Γ£ô rechaza si usuario ya existe (1 ms)
      ΓêÜ Γ£ô rechaza si cuidador usa mismo email (67 ms)
    Registro exitoso
      ΓêÜ Γ£ô crea usuario cuando datos son v├ílidos (68 ms)
      ΓêÜ Γ£ô retorna token JWT en registro exitoso (66 ms)
      ΓêÜ Γ£ô retorna usuario sin campo password en respuesta (68 ms)
      ΓêÜ Γ£ô env├¡a email de bienvenida (65 ms)
      ΓêÜ Γ£ô genera JWT v├ílido con tipo usuario (67 ms)
    Manejo de errores
      ΓêÜ Γ£ô maneja error al buscar usuario duplicado (4 ms)
      ΓêÜ Γ£ô maneja error al crear usuario (72 ms)
      ΓêÜ Γ£ô contin├║a sin error si email de bienvenida falla (68 ms)
  registerController - registerCuidador
    Validaci├│n de entrada
      ΓêÜ Γ£ô rechaza si falta email (1 ms)
      ΓêÜ Γ£ô rechaza si falta password
      ΓêÜ Γ£ô rechaza campos vac├¡os
    Cuidador duplicado
      ΓêÜ Γ£ô rechaza si cuidador ya existe
      ΓêÜ Γ£ô rechaza si usuario usa mismo email (62 ms)
    Registro exitoso
      ΓêÜ Γ£ô crea cuidador cuando datos son v├ílidos (61 ms)
      ΓêÜ Γ£ô retorna token JWT v├ílido para cuidador (64 ms)
      ΓêÜ Γ£ô retorna cuidador sin campo password (80 ms)
    Manejo de errores
      ΓêÜ Γ£ô maneja errores de BD gracefully (3 ms)
    Edge Cases - Validaciones Avanzadas
      ΓêÜ Γ£ô rechaza contrase├▒a sin may├║sculas (66 ms)
      ΓêÜ Γ£ô rechaza contrase├▒a sin n├║meros (64 ms)
      ΓêÜ Γ£ô maneja email con SQL injection attempt (63 ms)
      ΓêÜ Γ£ô maneja nombre con caracteres especiales permitidos (66 ms)
      ΓêÜ Γ£ô maneja registro simult├íneo de m├║ltiples usuarios (193 ms)
      ΓêÜ Γ£ô retorna ubicaci├│n del usuario en header Location (66 ms)

Test Suites: 1 failed, 2 passed, 3 total
Tests:       4 failed, 94 passed, 98 total
Snapshots:   0 total
Time:        3.736 s, estimated 4 s
Ran all test suites.
